  T1 | A 1 B 1 neutras 22 | conquistas ate agora 0 | 44s
  T2 | A 3 B 3 neutras 18 | conquistas ate agora 4 | 122s
  T3 | A 5 B 6 neutras 13 | conquistas ate agora 9 | 224s
  T4 | A 6 B 6 neutras 12 | conquistas ate agora 10 | 225s
  T5 | A 7 B 6 neutras 11 | conquistas ate agora 11 | 428s
  T6 | A 7 B 6 neutras 11 | conquistas ate agora 11 | 429s
  T7 | A 7 B 7 neutras 10 | conquistas ate agora 12 | 568s
  T8 | A 7 B 7 neutras 10 | conquistas ate agora 12 | 730s
  T9 | A 9 B 7 neutras 8 | conquistas ate agora 14 | 849s
  T10 | A 10 B 7 neutras 7 | conquistas ate agora 15 | 950s
  T11 | A 10 B 8 neutras 6 | conquistas ate agora 16 | 1072s
  T12 | A 10 B 9 neutras 5 | conquistas ate agora 17 | 1806s
  T13 | A 13 B 8 neutras 3 | conquistas ate agora 20 | 1898s
  T14 | A 13 B 8 neutras 3 | conquistas ate agora 20 | 2057s
  T15 | A 14 B 7 neutras 3 | conquistas ate agora 21 | 2058s
  T16 | A 14 B 7 neutras 3 | conquistas ate agora 21 | 2202s
  T17 | A 14 B 7 neutras 3 | conquistas ate agora 21 | 2386s
  T18 | A 14 B 7 neutras 3 | conquistas ate agora 21 | 2558s
  T19 | A 15 B 6 neutras 3 | conquistas ate agora 22 | 2749s
  T20 | A 14 B 8 neutras 2 | conquistas ate agora 27 | 3015s
  T21 | A 14 B 8 neutras 2 | conquistas ate agora 27 | 3126s
  T22 | A 14 B 8 neutras 2 | conquistas ate agora 29 | 3270s
  T23 | A 17 B 6 neutras 1 | conquistas ate agora 32 | 3333s
  T24 | A 17 B 6 neutras 1 | conquistas ate agora 32 | 3334s
  T25 | A 17 B 6 neutras 1 | conquistas ate agora 32 | 3369s
  T26 | A 17 B 6 neutras 1 | conquistas ate agora 32 | 3458s
  T27 | A 18 B 5 neutras 1 | conquistas ate agora 33 | 3458s
  T28 | A 18 B 5 neutras 1 | conquistas ate agora 33 | 3571s

===== RESUMO 7.8.4 =====
seed 3 | 28 turnos | 3571s
CONQUISTAS: total 33 (A 21 | B 12)
TAMANHO MEDIO DE ENVIO: A 5.07 (45 env) | B 3.83 (35 env)
ultima conquista: T27
log: pesquisa/2026-09-30/ab_campanha2/ABC2_super_P4xV_seed3.txt
replay: pesquisa/2026-09-30/ab_campanha2/ABC2_super_P4xV_seed3.replay.json (29 frames)
