  T1 | A 1 B 1 neutras 22 | conquistas ate agora 0 | 69s
  T2 | A 2 B 3 neutras 19 | conquistas ate agora 3 | 244s
  T3 | A 3 B 5 neutras 16 | conquistas ate agora 6 | 530s
  T4 | A 3 B 5 neutras 16 | conquistas ate agora 6 | 873s
  T5 | A 6 B 5 neutras 13 | conquistas ate agora 9 | 1036s
  T6 | A 7 B 6 neutras 11 | conquistas ate agora 11 | 1315s
  T7 | A 9 B 6 neutras 9 | conquistas ate agora 13 | 1496s
  T8 | A 11 B 6 neutras 7 | conquistas ate agora 15 | 1707s
  T9 | A 11 B 6 neutras 7 | conquistas ate agora 15 | 1916s
  T10 | A 11 B 8 neutras 5 | conquistas ate agora 17 | 2354s
  T11 | A 11 B 9 neutras 4 | conquistas ate agora 18 | 2643s
  T12 | A 11 B 10 neutras 3 | conquistas ate agora 20 | 3102s
  T13 | A 13 B 10 neutras 1 | conquistas ate agora 24 | 3532s
  T14 | A 15 B 8 neutras 1 | conquistas ate agora 26 | 3740s
  T15 | A 15 B 8 neutras 1 | conquistas ate agora 28 | 4101s
  T16 | A 17 B 6 neutras 1 | conquistas ate agora 30 | 4535s
  T17 | A 17 B 7 neutras 0 | conquistas ate agora 31 | 4816s
  T18 | A 17 B 7 neutras 0 | conquistas ate agora 33 | 4969s
  T19 | A 17 B 7 neutras 0 | conquistas ate agora 35 | 5087s
  T20 | A 16 B 8 neutras 0 | conquistas ate agora 36 | 5479s
  T21 | A 17 B 7 neutras 0 | conquistas ate agora 39 | 5876s
  T22 | A 17 B 7 neutras 0 | conquistas ate agora 39 | 6397s
  T23 | A 17 B 7 neutras 0 | conquistas ate agora 39 | 6757s
  T24 | A 18 B 6 neutras 0 | conquistas ate agora 40 | 7293s
  T25 | A 18 B 6 neutras 0 | conquistas ate agora 40 | 8017s

===== RESUMO 7.8.4 =====
seed 5 | 25 turnos | 8017s
CONQUISTAS: total 40 (A 24 | B 16)
TAMANHO MEDIO DE ENVIO: A 5.08 (95 env) | B 4.74 (62 env)
ultima conquista: T24
log: pesquisa/2026-09-30/ab_campanha2/ABC2_dots_P4xV_seed5.txt
replay: pesquisa/2026-09-30/ab_campanha2/ABC2_dots_P4xV_seed5.replay.json (26 frames)
