  T1 | A 1 B 1 neutras 22 | conquistas ate agora 0 | 47s
  T2 | A 3 B 1 neutras 20 | conquistas ate agora 2 | 109s
  T3 | A 3 B 3 neutras 18 | conquistas ate agora 4 | 274s
  T4 | A 3 B 6 neutras 15 | conquistas ate agora 7 | 481s
  T5 | A 3 B 6 neutras 15 | conquistas ate agora 7 | 720s
  T6 | A 5 B 6 neutras 13 | conquistas ate agora 9 | 1175s
  T7 | A 7 B 6 neutras 11 | conquistas ate agora 11 | 1783s
  T8 | A 7 B 7 neutras 10 | conquistas ate agora 12 | 2029s
  T9 | A 10 B 7 neutras 7 | conquistas ate agora 15 | 2482s
  T10 | A 11 B 10 neutras 3 | conquistas ate agora 19 | 2950s
  T11 | A 11 B 10 neutras 3 | conquistas ate agora 19 | 3238s
  T12 | A 10 B 11 neutras 3 | conquistas ate agora 20 | 3499s
  T13 | A 10 B 11 neutras 3 | conquistas ate agora 20 | 3791s
  T14 | A 12 B 12 neutras 0 | conquistas ate agora 24 | 4236s
  T15 | A 12 B 12 neutras 0 | conquistas ate agora 24 | 4620s
  T16 | A 13 B 11 neutras 0 | conquistas ate agora 27 | 5146s
  T17 | A 14 B 10 neutras 0 | conquistas ate agora 30 | 5703s
  T18 | A 12 B 12 neutras 0 | conquistas ate agora 32 | 6176s
  T19 | A 11 B 13 neutras 0 | conquistas ate agora 33 | 6408s
  T20 | A 10 B 14 neutras 0 | conquistas ate agora 34 | 6623s
  T21 | A 9 B 15 neutras 0 | conquistas ate agora 37 | 6824s
  T22 | A 7 B 17 neutras 0 | conquistas ate agora 39 | 7618s
  T23 | A 6 B 18 neutras 0 | conquistas ate agora 42 | 8072s
  T24 | A 6 B 18 neutras 0 | conquistas ate agora 42 | 8322s

===== RESUMO 7.8.4 =====
seed 5 | 24 turnos | 8322s
CONQUISTAS: total 42 (A 18 | B 24)
TAMANHO MEDIO DE ENVIO: A 4.00 (85 env) | B 4.36 (106 env)
ultima conquista: T23
log: pesquisa/2026-09-30/ab_campanha2/ABC2_dots_VxP4_seed5.txt
replay: pesquisa/2026-09-30/ab_campanha2/ABC2_dots_VxP4_seed5.replay.json (25 frames)
