  T1 | A 1 B 1 neutras 22 | conquistas ate agora 0 | 67s
  T2 | A 3 B 3 neutras 18 | conquistas ate agora 4 | 441s
  T3 | A 6 B 5 neutras 13 | conquistas ate agora 9 | 538s
  T4 | A 6 B 5 neutras 13 | conquistas ate agora 9 | 681s
  T5 | A 6 B 7 neutras 11 | conquistas ate agora 11 | 1074s
  T6 | A 7 B 9 neutras 8 | conquistas ate agora 14 | 1314s
  T7 | A 8 B 9 neutras 7 | conquistas ate agora 15 | 1522s
  T8 | A 9 B 10 neutras 5 | conquistas ate agora 17 | 2041s
  T9 | A 9 B 10 neutras 5 | conquistas ate agora 17 | 2489s
  T10 | A 10 B 10 neutras 4 | conquistas ate agora 18 | 3049s
  T11 | A 11 B 10 neutras 3 | conquistas ate agora 19 | 3584s
  T12 | A 10 B 13 neutras 1 | conquistas ate agora 22 | 4245s
  T13 | A 10 B 13 neutras 1 | conquistas ate agora 24 | 4443s
  T14 | A 10 B 13 neutras 1 | conquistas ate agora 24 | 4625s
  T15 | A 9 B 14 neutras 1 | conquistas ate agora 25 | 5081s
  T16 | A 10 B 14 neutras 0 | conquistas ate agora 27 | 5261s
  T17 | A 10 B 14 neutras 0 | conquistas ate agora 27 | 5868s
  T18 | A 8 B 16 neutras 0 | conquistas ate agora 29 | 6123s
  T19 | A 8 B 16 neutras 0 | conquistas ate agora 29 | 6809s
  T20 | A 8 B 16 neutras 0 | conquistas ate agora 31 | 7314s
  T21 | A 9 B 15 neutras 0 | conquistas ate agora 32 | 7739s
  T22 | A 9 B 15 neutras 0 | conquistas ate agora 34 | 7908s
  T23 | A 8 B 16 neutras 0 | conquistas ate agora 39 | 8172s
  T24 | A 9 B 15 neutras 0 | conquistas ate agora 40 | 8287s
  T25 | A 6 B 18 neutras 0 | conquistas ate agora 43 | 8909s
  T26 | A 6 B 18 neutras 0 | conquistas ate agora 43 | 9183s

===== RESUMO 7.8.4 =====
seed 3 | 26 turnos | 9183s
CONQUISTAS: total 43 (A 18 | B 25)
TAMANHO MEDIO DE ENVIO: A 4.35 (91 env) | B 5.94 (97 env)
ultima conquista: T25
log: pesquisa/2026-09-30/ab_campanha2/ABC2_dots_VxP4_seed3.txt
replay: pesquisa/2026-09-30/ab_campanha2/ABC2_dots_VxP4_seed3.replay.json (27 frames)
