  T1 | A 1 B 1 neutras 22 | conquistas ate agora 0 | 55s
  T2 | A 3 B 1 neutras 20 | conquistas ate agora 2 | 103s
  T3 | A 6 B 3 neutras 15 | conquistas ate agora 7 | 328s
  T4 | A 7 B 5 neutras 12 | conquistas ate agora 10 | 406s
  T5 | A 8 B 5 neutras 11 | conquistas ate agora 11 | 527s
  T6 | A 8 B 5 neutras 11 | conquistas ate agora 11 | 527s
  T7 | A 8 B 6 neutras 10 | conquistas ate agora 12 | 895s
  T8 | A 8 B 7 neutras 9 | conquistas ate agora 13 | 1019s
  T9 | A 9 B 7 neutras 8 | conquistas ate agora 14 | 1278s
  T10 | A 10 B 7 neutras 7 | conquistas ate agora 15 | 1414s
  T11 | A 10 B 7 neutras 7 | conquistas ate agora 15 | 1572s
  T12 | A 9 B 9 neutras 6 | conquistas ate agora 18 | 1710s
  T13 | A 10 B 10 neutras 4 | conquistas ate agora 20 | 1710s
  T14 | A 10 B 10 neutras 4 | conquistas ate agora 20 | 1873s
  T15 | A 10 B 11 neutras 3 | conquistas ate agora 21 | 2429s
  T16 | A 10 B 11 neutras 3 | conquistas ate agora 21 | 2824s
  T17 | A 10 B 12 neutras 2 | conquistas ate agora 22 | 3135s
  T18 | A 11 B 12 neutras 1 | conquistas ate agora 24 | 3135s
  T19 | A 11 B 12 neutras 1 | conquistas ate agora 24 | 3292s
  T20 | A 13 B 10 neutras 1 | conquistas ate agora 26 | 3779s
  T21 | A 12 B 11 neutras 1 | conquistas ate agora 27 | 3943s
  T22 | A 12 B 11 neutras 1 | conquistas ate agora 27 | 4017s
  T23 | A 12 B 11 neutras 1 | conquistas ate agora 27 | 4165s
  T24 | A 12 B 11 neutras 1 | conquistas ate agora 27 | 4332s
  T25 | A 13 B 10 neutras 1 | conquistas ate agora 28 | 4333s
  T26 | A 13 B 10 neutras 1 | conquistas ate agora 28 | 4468s
  T27 | A 12 B 11 neutras 1 | conquistas ate agora 29 | 4650s
  T28 | A 10 B 14 neutras 0 | conquistas ate agora 32 | 5381s
  T29 | A 10 B 14 neutras 0 | conquistas ate agora 36 | 5578s
  T30 | A 9 B 15 neutras 0 | conquistas ate agora 37 | 6858s

===== RESUMO 7.8.4 =====
seed 3 | 30 turnos | 6858s
CONQUISTAS: total 37 (A 17 | B 20)
TAMANHO MEDIO DE ENVIO: A 5.85 (55 env) | B 5.00 (72 env)
ultima conquista: T30
log: pesquisa/2026-09-30/ab_campanha2/ABC2_super_VxP4_seed3.txt
replay: pesquisa/2026-09-30/ab_campanha2/ABC2_super_VxP4_seed3.replay.json (31 frames)
