  T1 | A 1 B 1 neutras 22 | conquistas ate agora 0 | 50s
  T2 | A 1 B 3 neutras 20 | conquistas ate agora 2 | 295s
  T3 | A 3 B 3 neutras 18 | conquistas ate agora 4 | 618s
  T4 | A 6 B 4 neutras 14 | conquistas ate agora 8 | 965s
  T5 | A 7 B 6 neutras 11 | conquistas ate agora 11 | 1530s
  T6 | A 8 B 6 neutras 10 | conquistas ate agora 12 | 1913s
  T7 | A 8 B 6 neutras 10 | conquistas ate agora 12 | 2249s
  T8 | A 8 B 6 neutras 10 | conquistas ate agora 12 | 2458s
  T9 | A 10 B 8 neutras 6 | conquistas ate agora 16 | 2749s
  T10 | A 11 B 8 neutras 5 | conquistas ate agora 17 | 3160s
  T11 | A 12 B 8 neutras 4 | conquistas ate agora 18 | 3363s
  T12 | A 16 B 7 neutras 1 | conquistas ate agora 22 | 3875s
  T13 | A 13 B 10 neutras 1 | conquistas ate agora 25 | 4208s
  T14 | A 12 B 11 neutras 1 | conquistas ate agora 26 | 4574s
  T15 | A 13 B 11 neutras 0 | conquistas ate agora 27 | 5087s
  T16 | A 12 B 12 neutras 0 | conquistas ate agora 30 | 5670s
  T17 | A 12 B 12 neutras 0 | conquistas ate agora 30 | 5935s
  T18 | A 11 B 13 neutras 0 | conquistas ate agora 31 | 6553s
  T19 | A 12 B 12 neutras 0 | conquistas ate agora 34 | 6880s
  T20 | A 16 B 8 neutras 0 | conquistas ate agora 38 | 7244s
  T21 | A 17 B 7 neutras 0 | conquistas ate agora 39 | 7829s
  T22 | A 17 B 7 neutras 0 | conquistas ate agora 41 | 8599s
  T23 | A 17 B 7 neutras 0 | conquistas ate agora 41 | 9105s
  T24 | A 18 B 6 neutras 0 | conquistas ate agora 42 | 9397s
  T25 | A 17 B 7 neutras 0 | conquistas ate agora 45 | 9643s
  T26 | A 14 B 10 neutras 0 | conquistas ate agora 48 | 10108s
  T27 | A 13 B 11 neutras 0 | conquistas ate agora 49 | 10473s
  T28 | A 16 B 8 neutras 0 | conquistas ate agora 54 | 10912s
  T29 | A 18 B 6 neutras 0 | conquistas ate agora 56 | 11290s
  T30 | A 17 B 7 neutras 0 | conquistas ate agora 57 | 11706s

===== RESUMO 7.8.4 =====
seed 3 | 30 turnos | 11706s
CONQUISTAS: total 57 (A 33 | B 24)
TAMANHO MEDIO DE ENVIO: A 5.05 (155 env) | B 5.26 (94 env)
ultima conquista: T30
log: pesquisa/2026-09-30/ab_campanha2/ABC2_dots_P4xV_seed3.txt
replay: pesquisa/2026-09-30/ab_campanha2/ABC2_dots_P4xV_seed3.replay.json (31 frames)
