  T1 | A 1 B 1 neutras 22 | conquistas ate agora 0 | 45s
  T2 | A 2 B 1 neutras 21 | conquistas ate agora 1 | 127s
  T3 | A 4 B 1 neutras 19 | conquistas ate agora 3 | 194s
  T4 | A 5 B 3 neutras 16 | conquistas ate agora 6 | 421s
  T5 | A 6 B 4 neutras 14 | conquistas ate agora 8 | 640s
  T6 | A 7 B 4 neutras 13 | conquistas ate agora 9 | 708s
  T7 | A 7 B 5 neutras 12 | conquistas ate agora 10 | 775s
  T8 | A 8 B 6 neutras 10 | conquistas ate agora 12 | 1020s
  T9 | A 8 B 6 neutras 10 | conquistas ate agora 12 | 1161s
  T10 | A 10 B 7 neutras 7 | conquistas ate agora 15 | 1355s
  T11 | A 11 B 9 neutras 4 | conquistas ate agora 18 | 1793s
  T12 | A 12 B 9 neutras 3 | conquistas ate agora 19 | 1873s
  T13 | A 11 B 10 neutras 3 | conquistas ate agora 20 | 1993s
  T14 | A 11 B 11 neutras 2 | conquistas ate agora 23 | 2123s
  T15 | A 10 B 12 neutras 2 | conquistas ate agora 24 | 2327s
  T16 | A 12 B 11 neutras 1 | conquistas ate agora 26 | 2327s
  T17 | A 14 B 9 neutras 1 | conquistas ate agora 28 | 2435s
  T18 | A 12 B 11 neutras 1 | conquistas ate agora 30 | 2549s
  T19 | A 12 B 11 neutras 1 | conquistas ate agora 30 | 2894s
  T20 | A 12 B 12 neutras 0 | conquistas ate agora 31 | 2997s
  T21 | A 13 B 11 neutras 0 | conquistas ate agora 32 | 3336s
  T22 | A 15 B 9 neutras 0 | conquistas ate agora 34 | 4494s
  T23 | A 18 B 6 neutras 0 | conquistas ate agora 37 | 4566s
  T24 | A 17 B 7 neutras 0 | conquistas ate agora 38 | 4864s
  T25 | A 14 B 10 neutras 0 | conquistas ate agora 41 | 4950s
  T26 | A 15 B 9 neutras 0 | conquistas ate agora 42 | 5126s
  T27 | A 14 B 10 neutras 0 | conquistas ate agora 43 | 5376s
  T28 | A 15 B 9 neutras 0 | conquistas ate agora 44 | 5579s
  T29 | A 15 B 9 neutras 0 | conquistas ate agora 44 | 5777s
  T30 | A 14 B 10 neutras 0 | conquistas ate agora 47 | 6051s

===== RESUMO 7.8.4 =====
seed 5 | 30 turnos | 6051s
CONQUISTAS: total 47 (A 25 | B 22)
TAMANHO MEDIO DE ENVIO: A 4.32 (77 env) | B 4.93 (61 env)
ultima conquista: T30
log: pesquisa/2026-09-30/ab_campanha2/ABC2_super_VxP4_seed5.txt
replay: pesquisa/2026-09-30/ab_campanha2/ABC2_super_VxP4_seed5.replay.json (31 frames)
