  T1 | A 1 B 1 neutras 22 | conquistas ate agora 0 | 34s
  T2 | A 2 B 1 neutras 21 | conquistas ate agora 1 | 127s
  T3 | A 4 B 1 neutras 19 | conquistas ate agora 3 | 247s
  T4 | A 8 B 3 neutras 13 | conquistas ate agora 9 | 247s
  T5 | A 8 B 3 neutras 13 | conquistas ate agora 9 | 601s
  T6 | A 8 B 3 neutras 13 | conquistas ate agora 9 | 602s
  T7 | A 8 B 3 neutras 13 | conquistas ate agora 9 | 691s
  T8 | A 9 B 3 neutras 12 | conquistas ate agora 10 | 767s
  T9 | A 10 B 3 neutras 11 | conquistas ate agora 11 | 879s
  T10 | A 11 B 4 neutras 9 | conquistas ate agora 13 | 1029s
  T11 | A 11 B 4 neutras 9 | conquistas ate agora 13 | 1185s
  T12 | A 12 B 5 neutras 7 | conquistas ate agora 15 | 1356s
  T13 | A 13 B 6 neutras 5 | conquistas ate agora 17 | 1469s
  T14 | A 14 B 6 neutras 4 | conquistas ate agora 18 | 1612s
  T15 | A 15 B 6 neutras 3 | conquistas ate agora 19 | 1739s
  T16 | A 15 B 6 neutras 3 | conquistas ate agora 21 | 2503s
  T17 | A 15 B 6 neutras 3 | conquistas ate agora 21 | 2510s
  T18 | A 16 B 5 neutras 3 | conquistas ate agora 22 | 2587s
  T19 | A 15 B 6 neutras 3 | conquistas ate agora 23 | 2746s
  T20 | A 17 B 6 neutras 1 | conquistas ate agora 25 | 3908s
  T21 | A 17 B 6 neutras 1 | conquistas ate agora 25 | 4099s
  T22 | A 17 B 6 neutras 1 | conquistas ate agora 25 | 4150s
  T23 | A 18 B 6 neutras 0 | conquistas ate agora 26 | 4210s
  T24 | A 18 B 6 neutras 0 | conquistas ate agora 26 | 4322s

===== RESUMO 7.8.4 =====
seed 5 | 24 turnos | 4322s
CONQUISTAS: total 26 (A 19 | B 7)
TAMANHO MEDIO DE ENVIO: A 5.61 (44 env) | B 4.50 (20 env)
ultima conquista: T23
log: pesquisa/2026-09-30/ab_campanha2/ABC2_super_P4xV_seed5.txt
replay: pesquisa/2026-09-30/ab_campanha2/ABC2_super_P4xV_seed5.replay.json (25 frames)
