  T1 | A 1 B 1 neutras 22 | conquistas ate agora 0 | 49s
  T2 | A 1 B 1 neutras 22 | conquistas ate agora 0 | 114s
  T3 | A 1 B 2 neutras 21 | conquistas ate agora 1 | 284s
  T4 | A 3 B 4 neutras 17 | conquistas ate agora 5 | 465s
  T5 | A 4 B 6 neutras 14 | conquistas ate agora 8 | 804s
  T6 | A 5 B 7 neutras 12 | conquistas ate agora 10 | 964s
  T7 | A 7 B 7 neutras 10 | conquistas ate agora 12 | 1124s
  T8 | A 7 B 8 neutras 9 | conquistas ate agora 13 | 1659s
  T9 | A 7 B 8 neutras 9 | conquistas ate agora 13 | 2175s
  T10 | A 7 B 10 neutras 7 | conquistas ate agora 15 | 2575s
  T11 | A 8 B 11 neutras 5 | conquistas ate agora 17 | 3072s
  T12 | A 10 B 11 neutras 3 | conquistas ate agora 19 | 3300s
  T13 | A 10 B 13 neutras 1 | conquistas ate agora 21 | 3636s
  T14 | A 9 B 14 neutras 1 | conquistas ate agora 22 | 3808s
  T15 | A 9 B 14 neutras 1 | conquistas ate agora 22 | 4197s
  T16 | A 10 B 14 neutras 0 | conquistas ate agora 25 | 4840s
  T17 | A 10 B 14 neutras 0 | conquistas ate agora 25 | 5419s
  T18 | A 9 B 15 neutras 0 | conquistas ate agora 26 | 5862s
  T19 | A 10 B 14 neutras 0 | conquistas ate agora 29 | 6379s
  T20 | A 10 B 14 neutras 0 | conquistas ate agora 31 | 6775s
  T21 | A 11 B 13 neutras 0 | conquistas ate agora 32 | 7437s
  T22 | A 13 B 11 neutras 0 | conquistas ate agora 36 | 7689s
  T23 | A 13 B 11 neutras 0 | conquistas ate agora 36 | 8006s
  T24 | A 12 B 12 neutras 0 | conquistas ate agora 37 | 8541s
  T25 | A 8 B 16 neutras 0 | conquistas ate agora 41 | 8763s

===== RESUMO 7.8.4 =====
seed 3 | 25 turnos | 8763s
CONQUISTAS: total 41 (A 18 | B 23)
TAMANHO MEDIO DE ENVIO: A 4.02 (95 env) | B 5.04 (92 env)
ultima conquista: T25
log: pesquisa/2026-09-28/janela/JAN_dots_CJxP4_seed3.txt
replay: pesquisa/2026-09-28/janela/JAN_dots_CJxP4_seed3.replay.json (26 frames)
