  T1 | A 1 B 1 neutras 22 | conquistas ate agora 0 | 54s
  T2 | A 3 B 2 neutras 19 | conquistas ate agora 3 | 203s
  T3 | A 6 B 2 neutras 16 | conquistas ate agora 6 | 468s
  T4 | A 6 B 2 neutras 16 | conquistas ate agora 6 | 612s
  T5 | A 7 B 5 neutras 12 | conquistas ate agora 10 | 1248s
  T6 | A 8 B 5 neutras 11 | conquistas ate agora 11 | 1406s
  T7 | A 9 B 7 neutras 8 | conquistas ate agora 14 | 1731s
  T8 | A 9 B 8 neutras 7 | conquistas ate agora 15 | 2649s
  T9 | A 10 B 8 neutras 6 | conquistas ate agora 16 | 2904s
  T10 | A 11 B 11 neutras 2 | conquistas ate agora 20 | 3162s
  T11 | A 12 B 10 neutras 2 | conquistas ate agora 21 | 3527s
  T12 | A 16 B 8 neutras 0 | conquistas ate agora 25 | 3693s
  T13 | A 16 B 8 neutras 0 | conquistas ate agora 25 | 3919s
  T14 | A 16 B 8 neutras 0 | conquistas ate agora 25 | 4124s
  T15 | A 16 B 8 neutras 0 | conquistas ate agora 25 | 4494s
  T16 | A 16 B 8 neutras 0 | conquistas ate agora 25 | 4782s
  T17 | A 15 B 9 neutras 0 | conquistas ate agora 26 | 5019s
  T18 | A 16 B 8 neutras 0 | conquistas ate agora 27 | 5492s
  T19 | A 17 B 7 neutras 0 | conquistas ate agora 30 | 5753s
  T20 | A 19 B 5 neutras 0 | conquistas ate agora 32 | 5863s
  T21 | A 19 B 5 neutras 0 | conquistas ate agora 32 | 6208s

===== RESUMO 7.8.4 =====
seed 3 | 21 turnos | 6208s
CONQUISTAS: total 32 (A 20 | B 12)
TAMANHO MEDIO DE ENVIO: A 5.38 (74 env) | B 5.26 (34 env)
ultima conquista: T20
log: pesquisa/2026-09-28/janela/JAN_dots_P4xCJ_seed3.txt
replay: pesquisa/2026-09-28/janela/JAN_dots_P4xCJ_seed3.replay.json (22 frames)
