  T1 | A 1 B 1 neutras 22 | conquistas ate agora 0 | 218s
  T2 | A 3 B 3 neutras 18 | conquistas ate agora 4 | 300s
  T3 | A 3 B 6 neutras 15 | conquistas ate agora 7 | 465s
  T4 | A 3 B 7 neutras 14 | conquistas ate agora 8 | 578s
  T5 | A 5 B 8 neutras 11 | conquistas ate agora 11 | 855s
  T6 | A 6 B 9 neutras 9 | conquistas ate agora 13 | 995s
  T7 | A 6 B 9 neutras 9 | conquistas ate agora 13 | 1164s
  T8 | A 8 B 9 neutras 7 | conquistas ate agora 15 | 1586s
  T9 | A 9 B 10 neutras 5 | conquistas ate agora 17 | 1763s
  T10 | A 10 B 9 neutras 5 | conquistas ate agora 18 | 1864s
  T11 | A 12 B 9 neutras 3 | conquistas ate agora 20 | 1983s
  T12 | A 14 B 8 neutras 2 | conquistas ate agora 22 | 2084s
  T13 | A 13 B 9 neutras 2 | conquistas ate agora 23 | 2289s
  T14 | A 13 B 9 neutras 2 | conquistas ate agora 23 | 2478s
  T15 | A 13 B 9 neutras 2 | conquistas ate agora 25 | 2722s
  T16 | A 14 B 10 neutras 0 | conquistas ate agora 29 | 2989s
  T17 | A 11 B 13 neutras 0 | conquistas ate agora 32 | 3334s
  T18 | A 13 B 11 neutras 0 | conquistas ate agora 34 | 3704s
  T19 | A 13 B 11 neutras 0 | conquistas ate agora 36 | 3839s
  T20 | A 13 B 11 neutras 0 | conquistas ate agora 36 | 3985s
  T21 | A 14 B 10 neutras 0 | conquistas ate agora 37 | 4214s
  T22 | A 15 B 9 neutras 0 | conquistas ate agora 38 | 4311s
  T23 | A 18 B 6 neutras 0 | conquistas ate agora 41 | 4608s
  T24 | A 16 B 8 neutras 0 | conquistas ate agora 43 | 4918s
  T25 | A 15 B 9 neutras 0 | conquistas ate agora 44 | 5261s
  T26 | A 17 B 7 neutras 0 | conquistas ate agora 46 | 5422s
  T27 | A 18 B 6 neutras 0 | conquistas ate agora 47 | 5548s
  T28 | A 18 B 6 neutras 0 | conquistas ate agora 47 | 5644s

===== RESUMO 7.8.4 =====
seed 9 | 28 turnos | 5644s
CONQUISTAS: total 47 (A 27 | B 20)
TAMANHO MEDIO DE ENVIO: A 5.85 (101 env) | B 4.51 (68 env)
ultima conquista: T27
log: pesquisa/2026-09-28/ab_campanha/ABC_dots_VxP4_seed9.txt
replay: pesquisa/2026-09-28/ab_campanha/ABC_dots_VxP4_seed9.replay.json (29 frames)
