  T1 | A 1 B 1 neutras 22 | conquistas ate agora 0 | 88s
  T2 | A 3 B 2 neutras 19 | conquistas ate agora 3 | 147s
  T3 | A 4 B 5 neutras 15 | conquistas ate agora 7 | 412s
  T4 | A 5 B 5 neutras 14 | conquistas ate agora 8 | 495s
  T5 | A 6 B 6 neutras 12 | conquistas ate agora 10 | 598s
  T6 | A 6 B 6 neutras 12 | conquistas ate agora 10 | 719s
  T7 | A 8 B 6 neutras 10 | conquistas ate agora 12 | 861s
  T8 | A 9 B 6 neutras 9 | conquistas ate agora 13 | 1182s
  T9 | A 10 B 7 neutras 7 | conquistas ate agora 15 | 1296s
  T10 | A 11 B 9 neutras 4 | conquistas ate agora 18 | 1560s
  T11 | A 11 B 10 neutras 3 | conquistas ate agora 19 | 1679s
  T12 | A 12 B 10 neutras 2 | conquistas ate agora 22 | 2658s
  T13 | A 13 B 10 neutras 1 | conquistas ate agora 23 | 2972s
  T14 | A 13 B 11 neutras 0 | conquistas ate agora 24 | 3086s
  T15 | A 13 B 11 neutras 0 | conquistas ate agora 24 | 3180s
  T16 | A 13 B 11 neutras 0 | conquistas ate agora 24 | 3454s
  T17 | A 14 B 10 neutras 0 | conquistas ate agora 25 | 4230s
  T18 | A 15 B 9 neutras 0 | conquistas ate agora 26 | 4464s
  T19 | A 16 B 8 neutras 0 | conquistas ate agora 27 | 4648s
  T20 | A 17 B 7 neutras 0 | conquistas ate agora 28 | 4724s
  T21 | A 17 B 7 neutras 0 | conquistas ate agora 28 | 4840s
  T22 | A 16 B 8 neutras 0 | conquistas ate agora 31 | 4951s
  T23 | A 17 B 7 neutras 0 | conquistas ate agora 32 | 5082s
  T24 | A 17 B 7 neutras 0 | conquistas ate agora 34 | 5082s
  T25 | A 16 B 8 neutras 0 | conquistas ate agora 35 | 5199s
  T26 | A 16 B 8 neutras 0 | conquistas ate agora 37 | 5333s
  T27 | A 16 B 8 neutras 0 | conquistas ate agora 37 | 5453s
  T28 | A 16 B 8 neutras 0 | conquistas ate agora 37 | 5851s
  T29 | A 16 B 8 neutras 0 | conquistas ate agora 37 | 6149s
  T30 | A 18 B 6 neutras 0 | conquistas ate agora 39 | 6355s

===== RESUMO 7.8.4 =====
seed 5 | 30 turnos | 6355s
CONQUISTAS: total 39 (A 23 | B 16)
TAMANHO MEDIO DE ENVIO: A 4.32 (75 env) | B 5.54 (80 env)
ultima conquista: T30
log: pesquisa/2026-09-28/ab_campanha/ABC_super_VxP4_seed5.txt
replay: pesquisa/2026-09-28/ab_campanha/ABC_super_VxP4_seed5.replay.json (31 frames)
