  T1 | A 1 B 1 neutras 22 | conquistas ate agora 0 | 42s
  T2 | A 2 B 3 neutras 19 | conquistas ate agora 3 | 233s
  T3 | A 4 B 6 neutras 14 | conquistas ate agora 8 | 345s
  T4 | A 6 B 8 neutras 10 | conquistas ate agora 12 | 526s
  T5 | A 7 B 10 neutras 7 | conquistas ate agora 15 | 841s
  T6 | A 8 B 9 neutras 7 | conquistas ate agora 16 | 1145s
  T7 | A 8 B 12 neutras 4 | conquistas ate agora 19 | 1661s
  T8 | A 8 B 13 neutras 3 | conquistas ate agora 20 | 2006s
  T9 | A 8 B 14 neutras 2 | conquistas ate agora 21 | 2398s
  T10 | A 9 B 15 neutras 0 | conquistas ate agora 23 | 2703s
  T11 | A 10 B 14 neutras 0 | conquistas ate agora 24 | 2848s
  T12 | A 9 B 15 neutras 0 | conquistas ate agora 25 | 3041s
  T13 | A 8 B 16 neutras 0 | conquistas ate agora 26 | 3398s
  T14 | A 12 B 12 neutras 0 | conquistas ate agora 30 | 3601s
  T15 | A 10 B 14 neutras 0 | conquistas ate agora 32 | 4034s
  T16 | A 11 B 13 neutras 0 | conquistas ate agora 37 | 4193s
  T17 | A 12 B 12 neutras 0 | conquistas ate agora 38 | 4353s
  T18 | A 11 B 13 neutras 0 | conquistas ate agora 43 | 4769s
  T19 | A 10 B 14 neutras 0 | conquistas ate agora 44 | 5158s
  T20 | A 10 B 14 neutras 0 | conquistas ate agora 46 | 5485s
  T21 | A 8 B 16 neutras 0 | conquistas ate agora 48 | 5825s
  T22 | A 9 B 15 neutras 0 | conquistas ate agora 49 | 6074s
  T23 | A 7 B 17 neutras 0 | conquistas ate agora 51 | 6234s
  T24 | A 5 B 19 neutras 0 | conquistas ate agora 53 | 6484s
  T25 | A 2 B 22 neutras 0 | conquistas ate agora 56 | 6810s

===== RESUMO 7.8.4 =====
seed 3 | 25 turnos | 6810s
CONQUISTAS: total 56 (A 21 | B 35)
TAMANHO MEDIO DE ENVIO: A 3.55 (95 env) | B 5.13 (132 env)
ultima conquista: T25
log: pesquisa/2026-09-28/ab_campanha/ABC_dots_P4xV_seed3.txt
replay: pesquisa/2026-09-28/ab_campanha/ABC_dots_P4xV_seed3.replay.json (26 frames)
