  T1 | A 1 B 1 neutras 22 | conquistas ate agora 0 | 35s
  T2 | A 2 B 1 neutras 21 | conquistas ate agora 1 | 107s
  T3 | A 4 B 3 neutras 17 | conquistas ate agora 5 | 260s
  T4 | A 6 B 6 neutras 12 | conquistas ate agora 10 | 488s
  T5 | A 7 B 6 neutras 11 | conquistas ate agora 11 | 593s
  T6 | A 7 B 8 neutras 9 | conquistas ate agora 13 | 811s
  T7 | A 7 B 8 neutras 9 | conquistas ate agora 13 | 947s
  T8 | A 8 B 9 neutras 7 | conquistas ate agora 16 | 1134s
  T9 | A 9 B 9 neutras 6 | conquistas ate agora 18 | 1367s
  T10 | A 11 B 10 neutras 3 | conquistas ate agora 23 | 1564s
  T11 | A 10 B 11 neutras 3 | conquistas ate agora 24 | 1871s
  T12 | A 11 B 11 neutras 2 | conquistas ate agora 27 | 2133s
  T13 | A 11 B 11 neutras 2 | conquistas ate agora 27 | 2294s
  T14 | A 14 B 9 neutras 1 | conquistas ate agora 30 | 2470s
  T15 | A 15 B 9 neutras 0 | conquistas ate agora 31 | 2749s
  T16 | A 15 B 9 neutras 0 | conquistas ate agora 31 | 2913s
  T17 | A 16 B 8 neutras 0 | conquistas ate agora 34 | 3253s
  T18 | A 17 B 7 neutras 0 | conquistas ate agora 39 | 3630s
  T19 | A 17 B 7 neutras 0 | conquistas ate agora 45 | 4053s
  T20 | A 17 B 7 neutras 0 | conquistas ate agora 47 | 4350s
  T21 | A 17 B 7 neutras 0 | conquistas ate agora 49 | 4783s
  T22 | A 18 B 6 neutras 0 | conquistas ate agora 50 | 5033s
  T23 | A 18 B 6 neutras 0 | conquistas ate agora 50 | 5181s

===== RESUMO 7.8.4 =====
seed 9 | 23 turnos | 5181s
CONQUISTAS: total 50 (A 28 | B 22)
TAMANHO MEDIO DE ENVIO: A 4.94 (81 env) | B 5.05 (76 env)
ultima conquista: T22
log: pesquisa/2026-09-28/ab_campanha/ABC_dots_P4xV_seed9.txt
replay: pesquisa/2026-09-28/ab_campanha/ABC_dots_P4xV_seed9.replay.json (24 frames)
