  T1 | A 1 B 1 neutras 22 | conquistas ate agora 0 | 69s
  T2 | A 2 B 1 neutras 21 | conquistas ate agora 1 | 183s
  T3 | A 3 B 3 neutras 18 | conquistas ate agora 4 | 324s
  T4 | A 5 B 6 neutras 13 | conquistas ate agora 9 | 623s
  T5 | A 5 B 6 neutras 13 | conquistas ate agora 9 | 864s
  T6 | A 6 B 6 neutras 12 | conquistas ate agora 10 | 976s
  T7 | A 7 B 6 neutras 11 | conquistas ate agora 11 | 2041s
  T8 | A 7 B 8 neutras 9 | conquistas ate agora 13 | 2225s
  T9 | A 9 B 9 neutras 6 | conquistas ate agora 16 | 2535s
  T10 | A 12 B 10 neutras 2 | conquistas ate agora 20 | 2770s
  T11 | A 10 B 12 neutras 2 | conquistas ate agora 22 | 2969s
  T12 | A 11 B 11 neutras 2 | conquistas ate agora 23 | 3182s
  T13 | A 10 B 13 neutras 1 | conquistas ate agora 27 | 3419s
  T14 | A 10 B 13 neutras 1 | conquistas ate agora 27 | 3693s
  T15 | A 10 B 14 neutras 0 | conquistas ate agora 28 | 3962s
  T16 | A 13 B 11 neutras 0 | conquistas ate agora 31 | 4125s
  T17 | A 13 B 11 neutras 0 | conquistas ate agora 35 | 4491s
  T18 | A 15 B 9 neutras 0 | conquistas ate agora 37 | 4639s
  T19 | A 15 B 9 neutras 0 | conquistas ate agora 41 | 4776s
  T20 | A 13 B 11 neutras 0 | conquistas ate agora 43 | 5006s
  T21 | A 15 B 9 neutras 0 | conquistas ate agora 45 | 6042s
  T22 | A 17 B 7 neutras 0 | conquistas ate agora 47 | 6184s
  T23 | A 15 B 9 neutras 0 | conquistas ate agora 49 | 6308s
  T24 | A 14 B 10 neutras 0 | conquistas ate agora 50 | 6421s
  T25 | A 15 B 9 neutras 0 | conquistas ate agora 51 | 6607s
  T26 | A 15 B 9 neutras 0 | conquistas ate agora 51 | 6856s
  T27 | A 14 B 10 neutras 0 | conquistas ate agora 56 | 7103s
  T28 | A 13 B 11 neutras 0 | conquistas ate agora 59 | 7308s
  T29 | A 12 B 12 neutras 0 | conquistas ate agora 60 | 7550s
  T30 | A 11 B 13 neutras 0 | conquistas ate agora 63 | 7812s

===== RESUMO 7.8.4 =====
seed 7 | 30 turnos | 7812s
CONQUISTAS: total 63 (A 31 | B 32)
TAMANHO MEDIO DE ENVIO: A 4.89 (117 env) | B 4.82 (119 env)
ultima conquista: T30
log: pesquisa/2026-09-28/ab_campanha/ABC_dots_VxP4_seed7.txt
replay: pesquisa/2026-09-28/ab_campanha/ABC_dots_VxP4_seed7.replay.json (31 frames)
