  T1 | A 1 B 1 neutras 22 | conquistas ate agora 0 | 53s
  T2 | A 3 B 2 neutras 19 | conquistas ate agora 3 | 172s
  T3 | A 6 B 2 neutras 16 | conquistas ate agora 6 | 415s
  T4 | A 6 B 5 neutras 13 | conquistas ate agora 9 | 639s
  T5 | A 8 B 6 neutras 10 | conquistas ate agora 12 | 911s
  T6 | A 8 B 7 neutras 9 | conquistas ate agora 13 | 1234s
  T7 | A 10 B 7 neutras 7 | conquistas ate agora 15 | 1518s
  T8 | A 11 B 7 neutras 6 | conquistas ate agora 16 | 1679s
  T9 | A 14 B 9 neutras 1 | conquistas ate agora 21 | 2133s
  T10 | A 15 B 9 neutras 0 | conquistas ate agora 22 | 2538s
  T11 | A 15 B 9 neutras 0 | conquistas ate agora 22 | 2884s
  T12 | A 14 B 10 neutras 0 | conquistas ate agora 23 | 3112s
  T13 | A 16 B 8 neutras 0 | conquistas ate agora 25 | 3364s
  T14 | A 19 B 5 neutras 0 | conquistas ate agora 30 | 3809s
  T15 | A 18 B 6 neutras 0 | conquistas ate agora 33 | 3971s

===== RESUMO 7.8.4 =====
seed 5 | 15 turnos | 3971s
CONQUISTAS: total 33 (A 21 | B 12)
TAMANHO MEDIO DE ENVIO: A 4.29 (115 env) | B 5.62 (45 env)
ultima conquista: T15
log: pesquisa/2026-09-28/ab_campanha/ABC_dots_VxP4_seed5.txt
replay: pesquisa/2026-09-28/ab_campanha/ABC_dots_VxP4_seed5.replay.json (16 frames)
