  T1 | A 1 B 1 neutras 22 | conquistas ate agora 0 | 43s
  T2 | A 1 B 3 neutras 20 | conquistas ate agora 2 | 212s
  T3 | A 3 B 3 neutras 18 | conquistas ate agora 4 | 279s
  T4 | A 5 B 3 neutras 16 | conquistas ate agora 6 | 389s
  T5 | A 6 B 4 neutras 14 | conquistas ate agora 8 | 652s
  T6 | A 6 B 4 neutras 14 | conquistas ate agora 8 | 715s
  T7 | A 7 B 5 neutras 12 | conquistas ate agora 10 | 1026s
  T8 | A 7 B 6 neutras 11 | conquistas ate agora 11 | 1136s
  T9 | A 8 B 7 neutras 9 | conquistas ate agora 13 | 1337s
  T10 | A 8 B 9 neutras 7 | conquistas ate agora 15 | 1489s
  T11 | A 9 B 10 neutras 5 | conquistas ate agora 17 | 1688s
  T12 | A 12 B 11 neutras 1 | conquistas ate agora 21 | 1854s
  T13 | A 13 B 11 neutras 0 | conquistas ate agora 26 | 1999s
  T14 | A 14 B 10 neutras 0 | conquistas ate agora 27 | 2245s
  T15 | A 12 B 12 neutras 0 | conquistas ate agora 33 | 2398s
  T16 | A 14 B 10 neutras 0 | conquistas ate agora 35 | 2540s
  T17 | A 13 B 11 neutras 0 | conquistas ate agora 38 | 2845s
  T18 | A 13 B 11 neutras 0 | conquistas ate agora 44 | 2986s
  T19 | A 11 B 13 neutras 0 | conquistas ate agora 46 | 3161s
  T20 | A 14 B 10 neutras 0 | conquistas ate agora 51 | 3380s
  T21 | A 13 B 11 neutras 0 | conquistas ate agora 52 | 3854s
  T22 | A 11 B 13 neutras 0 | conquistas ate agora 54 | 4040s
  T23 | A 10 B 14 neutras 0 | conquistas ate agora 57 | 4346s
  T24 | A 11 B 13 neutras 0 | conquistas ate agora 62 | 4498s
  T25 | A 9 B 15 neutras 0 | conquistas ate agora 64 | 4731s
  T26 | A 9 B 15 neutras 0 | conquistas ate agora 64 | 4921s
  T27 | A 11 B 13 neutras 0 | conquistas ate agora 66 | 5084s
  T28 | A 10 B 14 neutras 0 | conquistas ate agora 69 | 5517s
  T29 | A 12 B 12 neutras 0 | conquistas ate agora 71 | 5658s
  T30 | A 12 B 12 neutras 0 | conquistas ate agora 73 | 5956s

===== RESUMO 7.8.4 =====
seed 7 | 30 turnos | 5956s
CONQUISTAS: total 73 (A 37 | B 36)
TAMANHO MEDIO DE ENVIO: A 4.71 (112 env) | B 5.17 (132 env)
ultima conquista: T30
log: pesquisa/2026-09-28/ab_campanha/ABC_dots_P4xV_seed7.txt
replay: pesquisa/2026-09-28/ab_campanha/ABC_dots_P4xV_seed7.replay.json (31 frames)
