  T1 | A 1 B 1 neutras 22 | conquistas ate agora 0 | 185s
  T2 | A 3 B 2 neutras 19 | conquistas ate agora 3 | 473s
  T3 | A 3 B 4 neutras 17 | conquistas ate agora 5 | 773s
  T4 | A 4 B 6 neutras 14 | conquistas ate agora 8 | 882s
  T5 | A 6 B 7 neutras 11 | conquistas ate agora 11 | 1107s
  T6 | A 7 B 8 neutras 9 | conquistas ate agora 13 | 1249s
  T7 | A 8 B 11 neutras 5 | conquistas ate agora 18 | 1682s
  T8 | A 9 B 11 neutras 4 | conquistas ate agora 19 | 2104s
  T9 | A 9 B 12 neutras 3 | conquistas ate agora 21 | 2608s
  T10 | A 9 B 12 neutras 3 | conquistas ate agora 21 | 2950s
  T11 | A 7 B 15 neutras 2 | conquistas ate agora 24 | 3356s
  T12 | A 7 B 15 neutras 2 | conquistas ate agora 24 | 3612s
  T13 | A 6 B 18 neutras 0 | conquistas ate agora 28 | 3763s
  T14 | A 6 B 18 neutras 0 | conquistas ate agora 28 | 4100s

===== RESUMO 7.8.4 =====
seed 5 | 14 turnos | 4100s
CONQUISTAS: total 28 (A 11 | B 17)
TAMANHO MEDIO DE ENVIO: A 2.45 (60 env) | B 3.97 (75 env)
ultima conquista: T13
log: pesquisa/2026-09-28/ab_campanha/ABC_dots_P4xV_seed5.txt
replay: pesquisa/2026-09-28/ab_campanha/ABC_dots_P4xV_seed5.replay.json (15 frames)
