  T1 | A 1 B 1 neutras 22 | conquistas ate agora 0 | 103s
  T2 | A 3 B 2 neutras 19 | conquistas ate agora 3 | 453s
  T3 | A 5 B 3 neutras 16 | conquistas ate agora 6 | 608s
  T4 | A 7 B 5 neutras 12 | conquistas ate agora 10 | 840s
  T5 | A 9 B 6 neutras 9 | conquistas ate agora 13 | 1090s
  T6 | A 10 B 7 neutras 7 | conquistas ate agora 15 | 1230s
  T7 | A 10 B 9 neutras 5 | conquistas ate agora 17 | 1531s
  T8 | A 11 B 10 neutras 3 | conquistas ate agora 19 | 1973s
  T9 | A 13 B 10 neutras 1 | conquistas ate agora 24 | 2247s
  T10 | A 14 B 9 neutras 1 | conquistas ate agora 25 | 2503s
  T11 | A 14 B 10 neutras 0 | conquistas ate agora 27 | 2650s
  T12 | A 14 B 10 neutras 0 | conquistas ate agora 27 | 3244s
  T13 | A 13 B 11 neutras 0 | conquistas ate agora 28 | 3576s
  T14 | A 14 B 10 neutras 0 | conquistas ate agora 29 | 3699s
  T15 | A 16 B 8 neutras 0 | conquistas ate agora 33 | 4067s
  T16 | A 17 B 7 neutras 0 | conquistas ate agora 36 | 4450s
  T17 | A 18 B 6 neutras 0 | conquistas ate agora 37 | 4744s
  T18 | A 18 B 6 neutras 0 | conquistas ate agora 37 | 4882s

===== RESUMO 7.8.4 =====
seed 3 | 18 turnos | 4882s
CONQUISTAS: total 37 (A 22 | B 15)
TAMANHO MEDIO DE ENVIO: A 4.59 (92 env) | B 4.33 (61 env)
ultima conquista: T17
log: pesquisa/2026-09-28/ab_campanha/ABC_dots_VxP4_seed3.txt
replay: pesquisa/2026-09-28/ab_campanha/ABC_dots_VxP4_seed3.replay.json (19 frames)
