  T1 | A 1 B 1 neutras 22 | conquistas ate agora 0 | 32s
  T2 | A 3 B 3 neutras 18 | conquistas ate agora 4 | 124s
  T3 | A 3 B 5 neutras 16 | conquistas ate agora 6 | 274s
  T4 | A 3 B 6 neutras 15 | conquistas ate agora 7 | 468s
  T5 | A 4 B 7 neutras 13 | conquistas ate agora 9 | 603s
  T6 | A 4 B 9 neutras 11 | conquistas ate agora 11 | 756s
  T7 | A 4 B 9 neutras 11 | conquistas ate agora 11 | 970s
  T8 | A 4 B 10 neutras 10 | conquistas ate agora 12 | 1363s
  T9 | A 7 B 11 neutras 6 | conquistas ate agora 16 | 1799s
  T10 | A 6 B 14 neutras 4 | conquistas ate agora 19 | 2240s
  T11 | A 6 B 14 neutras 4 | conquistas ate agora 19 | 2602s
  T12 | A 6 B 14 neutras 4 | conquistas ate agora 19 | 2777s
  T13 | A 7 B 15 neutras 2 | conquistas ate agora 22 | 2963s
  T14 | A 7 B 16 neutras 1 | conquistas ate agora 24 | 3442s
  T15 | A 6 B 18 neutras 0 | conquistas ate agora 26 | 3738s
  T16 | A 6 B 18 neutras 0 | conquistas ate agora 26 | 4013s

===== RESUMO 7.8.4 =====
seed 5 | 16 turnos | 4013s
CONQUISTAS: total 26 (A 8 | B 18)
TAMANHO MEDIO DE ENVIO: A 3.05 (21 env) | B 3.92 (61 env)
ultima conquista: T15
log: pesquisa/2026-09-26/partidas/P4_super_x_dots_seed5.txt
replay: pesquisa/2026-09-26/partidas/P4_super_x_dots_seed5.replay.json (17 frames)
