  T1 | A 1 B 1 neutras 22 | conquistas ate agora 0 | 152s
  T2 | A 3 B 3 neutras 18 | conquistas ate agora 4 | 399s
  T3 | A 6 B 3 neutras 15 | conquistas ate agora 7 | 515s
  T4 | A 6 B 4 neutras 14 | conquistas ate agora 8 | 778s
  T5 | A 7 B 4 neutras 13 | conquistas ate agora 9 | 883s
  T6 | A 9 B 4 neutras 11 | conquistas ate agora 11 | 1098s
  T7 | A 9 B 4 neutras 11 | conquistas ate agora 11 | 1619s
  T8 | A 9 B 5 neutras 10 | conquistas ate agora 12 | 1746s
  T9 | A 10 B 5 neutras 9 | conquistas ate agora 13 | 2113s
  T10 | A 10 B 5 neutras 9 | conquistas ate agora 13 | 2378s
  T11 | A 11 B 6 neutras 7 | conquistas ate agora 15 | 2580s
  T12 | A 13 B 7 neutras 4 | conquistas ate agora 18 | 2967s
  T13 | A 14 B 7 neutras 3 | conquistas ate agora 19 | 3113s
  T14 | A 18 B 5 neutras 1 | conquistas ate agora 23 | 3255s
  T15 | A 18 B 5 neutras 1 | conquistas ate agora 23 | 3602s

===== RESUMO 7.8.4 =====
seed 5 | 15 turnos | 3602s
CONQUISTAS: total 23 (A 17 | B 6)
TAMANHO MEDIO DE ENVIO: A 4.76 (76 env) | B 1.65 (23 env)
ultima conquista: T14
log: pesquisa/2026-09-26/partidas/P4_dots_x_super_seed5.txt
replay: pesquisa/2026-09-26/partidas/P4_dots_x_super_seed5.replay.json (16 frames)
