  T1 | A 1 B 1 neutras 22 | conquistas ate agora 0 | 154s
  T2 | A 3 B 3 neutras 18 | conquistas ate agora 4 | 257s
  T3 | A 5 B 3 neutras 16 | conquistas ate agora 6 | 420s
  T4 | A 5 B 5 neutras 14 | conquistas ate agora 8 | 532s
  T5 | A 6 B 7 neutras 11 | conquistas ate agora 11 | 763s
  T6 | A 6 B 7 neutras 11 | conquistas ate agora 11 | 894s
  T7 | A 7 B 7 neutras 10 | conquistas ate agora 12 | 981s
  T8 | A 7 B 8 neutras 9 | conquistas ate agora 13 | 1095s
  T9 | A 8 B 10 neutras 6 | conquistas ate agora 16 | 1263s
  T10 | A 8 B 10 neutras 6 | conquistas ate agora 16 | 1591s
  T11 | A 9 B 10 neutras 5 | conquistas ate agora 17 | 1707s
  T12 | A 9 B 10 neutras 5 | conquistas ate agora 17 | 1935s
  T13 | A 9 B 12 neutras 3 | conquistas ate agora 19 | 2155s
  T14 | A 7 B 15 neutras 2 | conquistas ate agora 22 | 2345s
  T15 | A 7 B 15 neutras 2 | conquistas ate agora 22 | 2665s
  T16 | A 6 B 18 neutras 0 | conquistas ate agora 25 | 3007s
  T17 | A 6 B 18 neutras 0 | conquistas ate agora 25 | 3180s

===== RESUMO 7.8.4 =====
seed 3 | 17 turnos | 3180s
CONQUISTAS: total 25 (A 8 | B 17)
TAMANHO MEDIO DE ENVIO: A 4.04 (23 env) | B 5.73 (91 env)
ultima conquista: T16
log: pesquisa/2026-09-26/partidas/P4_super_x_dots_seed3.txt
replay: pesquisa/2026-09-26/partidas/P4_super_x_dots_seed3.replay.json (18 frames)
