  T1 | A 1 B 1 neutras 22 | conquistas ate agora 0 | 23s
  T2 | A 3 B 3 neutras 18 | conquistas ate agora 4 | 104s
  T3 | A 5 B 6 neutras 13 | conquistas ate agora 9 | 202s
  T4 | A 7 B 6 neutras 11 | conquistas ate agora 11 | 522s
  T5 | A 10 B 7 neutras 7 | conquistas ate agora 15 | 641s
  T6 | A 12 B 7 neutras 5 | conquistas ate agora 17 | 714s
  T7 | A 12 B 7 neutras 5 | conquistas ate agora 17 | 1103s
  T8 | A 12 B 7 neutras 5 | conquistas ate agora 17 | 1244s
  T9 | A 12 B 7 neutras 5 | conquistas ate agora 17 | 1472s
  T10 | A 12 B 7 neutras 5 | conquistas ate agora 17 | 1860s
  T11 | A 15 B 7 neutras 2 | conquistas ate agora 20 | 2054s
  T12 | A 15 B 8 neutras 1 | conquistas ate agora 22 | 2237s
  T13 | A 17 B 7 neutras 0 | conquistas ate agora 24 | 2372s
  T14 | A 17 B 7 neutras 0 | conquistas ate agora 26 | 2634s
  T15 | A 17 B 7 neutras 0 | conquistas ate agora 26 | 2769s
  T16 | A 18 B 6 neutras 0 | conquistas ate agora 27 | 2942s
  T17 | A 18 B 6 neutras 0 | conquistas ate agora 27 | 3234s

===== RESUMO 7.8.4 =====
seed 3 | 17 turnos | 3234s
CONQUISTAS: total 27 (A 19 | B 8)
TAMANHO MEDIO DE ENVIO: A 4.83 (65 env) | B 6.36 (22 env)
ultima conquista: T16
log: pesquisa/2026-09-26/partidas/P4_dots_x_super_seed3.txt
replay: pesquisa/2026-09-26/partidas/P4_dots_x_super_seed3.replay.json (18 frames)
