  T18 | A 13 B 10 neutras 1 | conquistas ate agora 0 | 86s
  T19 | A 12 B 12 neutras 0 | conquistas ate agora 2 | 467s
  T20 | A 11 B 13 neutras 0 | conquistas ate agora 5 | 595s
  T21 | A 11 B 13 neutras 0 | conquistas ate agora 5 | 793s
  T22 | A 11 B 13 neutras 0 | conquistas ate agora 5 | 1165s
  T23 | A 11 B 13 neutras 0 | conquistas ate agora 7 | 1332s
  T24 | A 12 B 12 neutras 0 | conquistas ate agora 10 | 4022s
  T25 | A 12 B 12 neutras 0 | conquistas ate agora 10 | 4292s
  T26 | A 13 B 11 neutras 0 | conquistas ate agora 11 | 4516s
  T27 | A 12 B 12 neutras 0 | conquistas ate agora 12 | 4701s
  T28 | A 14 B 10 neutras 0 | conquistas ate agora 14 | 5511s
  T29 | A 12 B 12 neutras 0 | conquistas ate agora 16 | 5629s
  T30 | A 11 B 13 neutras 0 | conquistas ate agora 17 | 7083s

===== RESUMO 7.8.4 =====
seed 7 | 30 turnos | 7083s
CONQUISTAS: total 17 (A 7 | B 10)
TAMANHO MEDIO DE ENVIO: A 5.87 (63 env) | B 9.20 (44 env)
ultima conquista: T30
log: pesquisa/2026-09-30/ab2_replica/AB2_super_VxP4_seed7_cont2.txt
replay: pesquisa/2026-09-30/ab2_replica/AB2_super_VxP4_seed7_cont2.replay.json (31 frames)
