  T13 | A 9 B 10 neutras 5 | conquistas ate agora 0 | 214s
  T14 | A 13 B 11 neutras 0 | conquistas ate agora 6 | 607s
  T15 | A 13 B 11 neutras 0 | conquistas ate agora 6 | 831s
  T16 | A 12 B 12 neutras 0 | conquistas ate agora 9 | 1017s
  T17 | A 11 B 13 neutras 0 | conquistas ate agora 10 | 1161s
  T18 | A 12 B 12 neutras 0 | conquistas ate agora 11 | 1257s
  T19 | A 10 B 14 neutras 0 | conquistas ate agora 13 | 1501s
  T20 | A 11 B 13 neutras 0 | conquistas ate agora 16 | 1902s
  T21 | A 10 B 14 neutras 0 | conquistas ate agora 17 | 2089s
  T22 | A 8 B 16 neutras 0 | conquistas ate agora 21 | 2434s
  T23 | A 9 B 15 neutras 0 | conquistas ate agora 26 | 2831s
  T24 | A 12 B 12 neutras 0 | conquistas ate agora 29 | 2999s
  T25 | A 10 B 14 neutras 0 | conquistas ate agora 33 | 3144s
  T26 | A 9 B 15 neutras 0 | conquistas ate agora 34 | 3953s
  T27 | A 8 B 16 neutras 0 | conquistas ate agora 35 | 4525s
  T28 | A 9 B 15 neutras 0 | conquistas ate agora 38 | 4987s
  T29 | A 7 B 17 neutras 0 | conquistas ate agora 40 | 5127s
  T30 | A 8 B 16 neutras 0 | conquistas ate agora 41 | 5520s

===== RESUMO 7.8.4 =====
seed 7 | 30 turnos | 5520s
CONQUISTAS: total 41 (A 19 | B 22)
TAMANHO MEDIO DE ENVIO: A 7.81 (64 env) | B 5.66 (104 env)
ultima conquista: T30
log: pesquisa/2026-09-30/ab2_replica/AB2_dots_VxP4_seed7_cont2.txt
replay: pesquisa/2026-09-30/ab2_replica/AB2_dots_VxP4_seed7_cont2.replay.json (31 frames)
