  T15 | A 9 B 12 neutras 3 | conquistas ate agora 1 | 119s
  T16 | A 11 B 10 neutras 3 | conquistas ate agora 3 | 281s
  T17 | A 13 B 9 neutras 2 | conquistas ate agora 5 | 968s
  T18 | A 12 B 11 neutras 1 | conquistas ate agora 8 | 1423s
  T19 | A 13 B 10 neutras 1 | conquistas ate agora 9 | 3002s
  T20 | A 12 B 11 neutras 1 | conquistas ate agora 10 | 3147s
  T21 | A 12 B 12 neutras 0 | conquistas ate agora 12 | 3985s
  T22 | A 13 B 11 neutras 0 | conquistas ate agora 13 | 4096s
  T23 | A 11 B 13 neutras 0 | conquistas ate agora 15 | 4205s
  T24 | A 10 B 14 neutras 0 | conquistas ate agora 16 | 4362s
  T25 | A 11 B 13 neutras 0 | conquistas ate agora 19 | 4546s
  T26 | A 14 B 10 neutras 0 | conquistas ate agora 22 | 4797s
  T27 | A 14 B 10 neutras 0 | conquistas ate agora 22 | 4883s
  T28 | A 13 B 11 neutras 0 | conquistas ate agora 23 | 4981s
  T29 | A 13 B 11 neutras 0 | conquistas ate agora 25 | 5177s
  T30 | A 13 B 11 neutras 0 | conquistas ate agora 25 | 5287s

===== RESUMO 7.8.4 =====
seed 9 | 30 turnos | 5287s
CONQUISTAS: total 25 (A 14 | B 11)
TAMANHO MEDIO DE ENVIO: A 7.54 (41 env) | B 5.71 (48 env)
ultima conquista: T29
log: pesquisa/2026-09-30/ab2_replica/AB2_super_VxP4_seed9_cont2.txt
replay: pesquisa/2026-09-30/ab2_replica/AB2_super_VxP4_seed9_cont2.replay.json (31 frames)
