  T15 | A 15 B 7 neutras 2 | conquistas ate agora 0 | 143s
  T16 | A 16 B 8 neutras 0 | conquistas ate agora 2 | 293s
  T17 | A 17 B 7 neutras 0 | conquistas ate agora 3 | 432s
  T18 | A 17 B 7 neutras 0 | conquistas ate agora 5 | 539s
  T19 | A 17 B 7 neutras 0 | conquistas ate agora 5 | 590s
  T20 | A 17 B 7 neutras 0 | conquistas ate agora 5 | 711s
  T21 | A 15 B 9 neutras 0 | conquistas ate agora 9 | 829s
  T22 | A 12 B 12 neutras 0 | conquistas ate agora 12 | 1165s
  T23 | A 9 B 15 neutras 0 | conquistas ate agora 15 | 1315s
  T24 | A 12 B 12 neutras 0 | conquistas ate agora 18 | 1635s
  T25 | A 12 B 12 neutras 0 | conquistas ate agora 22 | 1909s
  T26 | A 11 B 13 neutras 0 | conquistas ate agora 25 | 2286s
  T27 | A 9 B 15 neutras 0 | conquistas ate agora 27 | 2532s
  T28 | A 11 B 13 neutras 0 | conquistas ate agora 29 | 2698s
  T29 | A 11 B 13 neutras 0 | conquistas ate agora 29 | 2866s
  T30 | A 12 B 12 neutras 0 | conquistas ate agora 32 | 2959s

===== RESUMO 7.8.4 =====
seed 7 | 30 turnos | 2959s
CONQUISTAS: total 32 (A 14 | B 18)
TAMANHO MEDIO DE ENVIO: A 6.95 (61 env) | B 6.09 (68 env)
ultima conquista: T30
log: pesquisa/2026-09-30/ab2_replica/AB2_dots_P4xV_seed7_cont2.txt
replay: pesquisa/2026-09-30/ab2_replica/AB2_dots_P4xV_seed7_cont2.replay.json (31 frames)
