  T14 | A 7 B 10 neutras 7 | conquistas ate agora 0 | 170s
  T15 | A 9 B 12 neutras 3 | conquistas ate agora 4 | 277s
  T16 | A 9 B 14 neutras 1 | conquistas ate agora 6 | 386s
  T17 | A 8 B 15 neutras 1 | conquistas ate agora 7 | 537s
  T18 | A 8 B 16 neutras 0 | conquistas ate agora 9 | 673s
  T19 | A 9 B 15 neutras 0 | conquistas ate agora 12 | 811s
  T20 | A 7 B 17 neutras 0 | conquistas ate agora 14 | 894s
  T21 | A 11 B 13 neutras 0 | conquistas ate agora 18 | 1068s
  T22 | A 12 B 12 neutras 0 | conquistas ate agora 19 | 1272s
  T23 | A 11 B 13 neutras 0 | conquistas ate agora 20 | 1458s
  T24 | A 11 B 13 neutras 0 | conquistas ate agora 22 | 2028s
  T25 | A 11 B 13 neutras 0 | conquistas ate agora 26 | 2241s
  T26 | A 10 B 14 neutras 0 | conquistas ate agora 29 | 2442s
  T27 | A 9 B 15 neutras 0 | conquistas ate agora 30 | 2556s
  T28 | A 8 B 16 neutras 0 | conquistas ate agora 31 | 2787s
  T29 | A 8 B 16 neutras 0 | conquistas ate agora 31 | 3001s
  T30 | A 8 B 16 neutras 0 | conquistas ate agora 31 | 3128s

===== RESUMO 7.8.4 =====
seed 7 | 30 turnos | 3128s
CONQUISTAS: total 31 (A 14 | B 17)
TAMANHO MEDIO DE ENVIO: A 5.38 (56 env) | B 8.79 (96 env)
ultima conquista: T28
log: pesquisa/2026-09-30/ab2_replica/AB2_super_P4xV_seed7_cont2.txt
replay: pesquisa/2026-09-30/ab2_replica/AB2_super_P4xV_seed7_cont2.replay.json (31 frames)
