  T1 | A 1 B 1 neutras 22 | conquistas ate agora 0 | 1s
  T2 | A 1 B 1 neutras 22 | conquistas ate agora 0 | 44s
  T3 | A 3 B 3 neutras 18 | conquistas ate agora 4 | 118s
  T4 | A 4 B 4 neutras 16 | conquistas ate agora 6 | 278s
  T5 | A 5 B 6 neutras 13 | conquistas ate agora 9 | 367s
  T6 | A 5 B 6 neutras 13 | conquistas ate agora 9 | 430s
  T7 | A 6 B 6 neutras 12 | conquistas ate agora 10 | 507s
  T8 | A 7 B 6 neutras 11 | conquistas ate agora 11 | 507s
  T9 | A 7 B 6 neutras 11 | conquistas ate agora 11 | 578s
  T10 | A 8 B 6 neutras 10 | conquistas ate agora 12 | 657s
  T11 | A 8 B 6 neutras 10 | conquistas ate agora 12 | 842s
  T12 | A 8 B 7 neutras 9 | conquistas ate agora 13 | 943s
  T13 | A 9 B 8 neutras 7 | conquistas ate agora 15 | 1087s
  T14 | A 11 B 8 neutras 5 | conquistas ate agora 17 | 1088s
  T15 | A 11 B 8 neutras 5 | conquistas ate agora 17 | 1193s
  T16 | A 11 B 8 neutras 5 | conquistas ate agora 17 | 1281s
  T17 | A 12 B 8 neutras 4 | conquistas ate agora 18 | 1447s
  T18 | A 14 B 8 neutras 2 | conquistas ate agora 20 | 1618s
  T19 | A 13 B 9 neutras 2 | conquistas ate agora 21 | 1736s
  T20 | A 12 B 10 neutras 2 | conquistas ate agora 22 | 2105s
  T21 | A 12 B 11 neutras 1 | conquistas ate agora 23 | 2106s
  T22 | A 12 B 11 neutras 1 | conquistas ate agora 23 | 2244s
  T23 | A 11 B 12 neutras 1 | conquistas ate agora 24 | 2364s
  T24 | A 12 B 12 neutras 0 | conquistas ate agora 26 | 2534s
  T25 | A 13 B 11 neutras 0 | conquistas ate agora 27 | 2684s
  T26 | A 13 B 11 neutras 0 | conquistas ate agora 27 | 4300s
  T27 | A 13 B 11 neutras 0 | conquistas ate agora 27 | 4687s
  T28 | A 14 B 10 neutras 0 | conquistas ate agora 28 | 4809s
  T29 | A 16 B 8 neutras 0 | conquistas ate agora 30 | 5162s
  T30 | A 16 B 8 neutras 0 | conquistas ate agora 30 | 5649s

===== RESUMO 7.8.4 =====
seed 3 | 30 turnos | 5649s
CONQUISTAS: total 30 (A 18 | B 12)
TAMANHO MEDIO DE ENVIO: A 7.00 (59 env) | B 5.10 (48 env)
ultima conquista: T29
log: pesquisa/2026-09-28/ab2/AB2_super_VxP4_seed3.txt
replay: pesquisa/2026-09-28/ab2/AB2_super_VxP4_seed3.replay.json (31 frames)
