  T1 | A 1 B 1 neutras 22 | conquistas ate agora 0 | 78s
  T2 | A 3 B 3 neutras 18 | conquistas ate agora 4 | 221s
  T3 | A 5 B 3 neutras 16 | conquistas ate agora 6 | 571s
  T4 | A 6 B 5 neutras 13 | conquistas ate agora 9 | 962s
  T5 | A 6 B 6 neutras 12 | conquistas ate agora 10 | 1216s
  T6 | A 8 B 6 neutras 10 | conquistas ate agora 12 | 1470s
  T7 | A 9 B 7 neutras 8 | conquistas ate agora 14 | 1817s
  T8 | A 9 B 7 neutras 8 | conquistas ate agora 14 | 1974s
  T9 | A 10 B 8 neutras 6 | conquistas ate agora 16 | 2269s
  T10 | A 12 B 8 neutras 4 | conquistas ate agora 19 | 2898s
  T11 | A 12 B 9 neutras 3 | conquistas ate agora 22 | 3054s
  T12 | A 14 B 9 neutras 1 | conquistas ate agora 25 | 3245s
  T13 | A 13 B 10 neutras 1 | conquistas ate agora 26 | 3524s
  T14 | A 13 B 10 neutras 1 | conquistas ate agora 26 | 3699s
  T15 | A 13 B 10 neutras 1 | conquistas ate agora 26 | 4147s
  T16 | A 13 B 10 neutras 1 | conquistas ate agora 26 | 4389s
  T17 | A 12 B 12 neutras 0 | conquistas ate agora 29 | 4647s
  T18 | A 14 B 10 neutras 0 | conquistas ate agora 33 | 4860s
  T19 | A 15 B 9 neutras 0 | conquistas ate agora 36 | 5081s
  T20 | A 13 B 11 neutras 0 | conquistas ate agora 38 | 5269s
  T21 | A 13 B 11 neutras 0 | conquistas ate agora 38 | 5540s
  T22 | A 11 B 13 neutras 0 | conquistas ate agora 40 | 5831s
  T23 | A 13 B 11 neutras 0 | conquistas ate agora 42 | 6091s
  T24 | A 15 B 9 neutras 0 | conquistas ate agora 44 | 6233s
  T25 | A 18 B 6 neutras 0 | conquistas ate agora 47 | 6652s
  T26 | A 16 B 8 neutras 0 | conquistas ate agora 49 | 8044s
  T27 | A 16 B 8 neutras 0 | conquistas ate agora 49 | 8324s
  T28 | A 13 B 11 neutras 0 | conquistas ate agora 52 | 8519s
  T29 | A 15 B 9 neutras 0 | conquistas ate agora 54 | 8746s
  T30 | A 16 B 8 neutras 0 | conquistas ate agora 57 | 9033s

===== RESUMO 7.8.4 =====
seed 3 | 30 turnos | 9033s
CONQUISTAS: total 57 (A 31 | B 26)
TAMANHO MEDIO DE ENVIO: A 7.07 (99 env) | B 5.10 (110 env)
ultima conquista: T30
log: pesquisa/2026-09-28/ab2/AB2_dots_P4xV_seed3.txt
replay: pesquisa/2026-09-28/ab2/AB2_dots_P4xV_seed3.replay.json (31 frames)
