  T1 | A 1 B 1 neutras 22 | conquistas ate agora 0 | 94s
  T2 | A 1 B 2 neutras 21 | conquistas ate agora 1 | 194s
  T3 | A 3 B 4 neutras 17 | conquistas ate agora 5 | 335s
  T4 | A 3 B 4 neutras 17 | conquistas ate agora 5 | 513s
  T5 | A 3 B 6 neutras 15 | conquistas ate agora 7 | 784s
  T6 | A 4 B 7 neutras 13 | conquistas ate agora 9 | 1167s
  T7 | A 6 B 7 neutras 11 | conquistas ate agora 11 | 1352s
  T8 | A 7 B 9 neutras 8 | conquistas ate agora 15 | 1841s
  T9 | A 8 B 10 neutras 6 | conquistas ate agora 17 | 2195s
  T10 | A 9 B 9 neutras 6 | conquistas ate agora 18 | 2537s
  T11 | A 9 B 9 neutras 6 | conquistas ate agora 20 | 2747s
  T12 | A 9 B 9 neutras 6 | conquistas ate agora 20 | 3013s
  T13 | A 9 B 9 neutras 6 | conquistas ate agora 20 | 4394s
  T14 | A 8 B 12 neutras 4 | conquistas ate agora 23 | 4766s
  T15 | A 8 B 13 neutras 3 | conquistas ate agora 24 | 5081s
  T16 | A 8 B 14 neutras 2 | conquistas ate agora 25 | 5251s
  T17 | A 11 B 12 neutras 1 | conquistas ate agora 29 | 5581s
  T18 | A 11 B 12 neutras 1 | conquistas ate agora 31 | 6117s
  T19 | A 13 B 11 neutras 0 | conquistas ate agora 35 | 6270s
  T20 | A 14 B 10 neutras 0 | conquistas ate agora 36 | 6621s
  T21 | A 15 B 9 neutras 0 | conquistas ate agora 37 | 6934s
  T22 | A 15 B 9 neutras 0 | conquistas ate agora 39 | 7141s
  T23 | A 15 B 9 neutras 0 | conquistas ate agora 43 | 7305s
  T24 | A 15 B 9 neutras 0 | conquistas ate agora 43 | 7487s
  T25 | A 17 B 7 neutras 0 | conquistas ate agora 45 | 7751s
  T26 | A 18 B 6 neutras 0 | conquistas ate agora 48 | 8172s
  T27 | A 19 B 5 neutras 0 | conquistas ate agora 51 | 8578s

===== RESUMO 7.8.4 =====
seed 5 | 27 turnos | 8578s
CONQUISTAS: total 51 (A 28 | B 23)
TAMANHO MEDIO DE ENVIO: A 6.06 (108 env) | B 5.60 (80 env)
ultima conquista: T27
log: pesquisa/2026-09-28/ab2/AB2_dots_VxP4_seed5.txt
replay: pesquisa/2026-09-28/ab2/AB2_dots_VxP4_seed5.replay.json (28 frames)
