  T1 | A 1 B 1 neutras 22 | conquistas ate agora 0 | 1s
  T2 | A 1 B 1 neutras 22 | conquistas ate agora 0 | 67s
  T3 | A 3 B 3 neutras 18 | conquistas ate agora 4 | 298s
  T4 | A 6 B 6 neutras 12 | conquistas ate agora 10 | 393s
  T5 | A 6 B 6 neutras 12 | conquistas ate agora 10 | 480s
  T6 | A 6 B 6 neutras 12 | conquistas ate agora 10 | 552s
  T7 | A 6 B 8 neutras 10 | conquistas ate agora 12 | 552s
  T8 | A 6 B 8 neutras 10 | conquistas ate agora 12 | 607s
  T9 | A 7 B 8 neutras 9 | conquistas ate agora 13 | 811s
  T10 | A 7 B 9 neutras 8 | conquistas ate agora 14 | 949s
  T11 | A 7 B 9 neutras 8 | conquistas ate agora 14 | 1901s
  T12 | A 8 B 9 neutras 7 | conquistas ate agora 15 | 1972s
  T13 | A 8 B 9 neutras 7 | conquistas ate agora 15 | 2064s
  T14 | A 8 B 12 neutras 4 | conquistas ate agora 18 | 2256s
  T15 | A 8 B 12 neutras 4 | conquistas ate agora 18 | 2402s
  T16 | A 8 B 13 neutras 3 | conquistas ate agora 19 | 2648s
  T17 | A 10 B 14 neutras 0 | conquistas ate agora 22 | 3665s
  T18 | A 9 B 15 neutras 0 | conquistas ate agora 23 | 3879s
  T19 | A 7 B 17 neutras 0 | conquistas ate agora 25 | 4160s
  T20 | A 8 B 16 neutras 0 | conquistas ate agora 26 | 4221s
  T21 | A 9 B 15 neutras 0 | conquistas ate agora 27 | 4222s
  T22 | A 9 B 15 neutras 0 | conquistas ate agora 27 | 4412s
  T23 | A 11 B 13 neutras 0 | conquistas ate agora 29 | 4552s
  T24 | A 13 B 11 neutras 0 | conquistas ate agora 31 | 4750s
  T25 | A 15 B 9 neutras 0 | conquistas ate agora 33 | 4886s
  T26 | A 17 B 7 neutras 0 | conquistas ate agora 35 | 5055s
  T27 | A 14 B 10 neutras 0 | conquistas ate agora 38 | 5179s
  T28 | A 11 B 13 neutras 0 | conquistas ate agora 41 | 5405s
  T29 | A 11 B 13 neutras 0 | conquistas ate agora 45 | 5817s
  T30 | A 10 B 14 neutras 0 | conquistas ate agora 46 | 5818s

===== RESUMO 7.8.4 =====
seed 3 | 30 turnos | 5818s
CONQUISTAS: total 46 (A 21 | B 25)
TAMANHO MEDIO DE ENVIO: A 4.85 (48 env) | B 4.31 (67 env)
ultima conquista: T30
log: pesquisa/2026-09-28/ab2/AB2_super_P4xV_seed3.txt
replay: pesquisa/2026-09-28/ab2/AB2_super_P4xV_seed3.replay.json (31 frames)
