  T1 | A 1 B 1 neutras 22 | conquistas ate agora 0 | 22s
  T2 | A 2 B 1 neutras 21 | conquistas ate agora 1 | 104s
  T3 | A 4 B 3 neutras 17 | conquistas ate agora 5 | 201s
  T4 | A 5 B 6 neutras 13 | conquistas ate agora 9 | 356s
  T5 | A 5 B 7 neutras 12 | conquistas ate agora 10 | 498s
  T6 | A 5 B 7 neutras 12 | conquistas ate agora 10 | 694s
  T7 | A 6 B 8 neutras 10 | conquistas ate agora 12 | 885s
  T8 | A 6 B 9 neutras 9 | conquistas ate agora 13 | 1338s
  T9 | A 7 B 9 neutras 8 | conquistas ate agora 15 | 1521s
  T10 | A 10 B 10 neutras 4 | conquistas ate agora 20 | 1647s
  T11 | A 9 B 11 neutras 4 | conquistas ate agora 21 | 1747s
  T12 | A 10 B 10 neutras 4 | conquistas ate agora 22 | 1837s
  T13 | A 10 B 10 neutras 4 | conquistas ate agora 22 | 1986s
  T14 | A 10 B 10 neutras 4 | conquistas ate agora 22 | 2177s
  T15 | A 11 B 12 neutras 1 | conquistas ate agora 25 | 2353s
  T16 | A 11 B 12 neutras 1 | conquistas ate agora 25 | 2552s
  T17 | A 10 B 13 neutras 1 | conquistas ate agora 26 | 2772s
  T18 | A 10 B 14 neutras 0 | conquistas ate agora 27 | 3806s
  T19 | A 11 B 13 neutras 0 | conquistas ate agora 30 | 3933s
  T20 | A 11 B 13 neutras 0 | conquistas ate agora 30 | 4037s
  T21 | A 11 B 13 neutras 0 | conquistas ate agora 30 | 4108s
  T22 | A 12 B 12 neutras 0 | conquistas ate agora 31 | 4361s
  T23 | A 11 B 13 neutras 0 | conquistas ate agora 32 | 4590s
  T24 | A 10 B 14 neutras 0 | conquistas ate agora 33 | 4813s
  T25 | A 8 B 16 neutras 0 | conquistas ate agora 35 | 4993s
  T26 | A 9 B 15 neutras 0 | conquistas ate agora 36 | 5250s
  T27 | A 7 B 17 neutras 0 | conquistas ate agora 38 | 5305s
  T28 | A 7 B 17 neutras 0 | conquistas ate agora 40 | 5360s
  T29 | A 7 B 17 neutras 0 | conquistas ate agora 40 | 5461s
  T30 | A 7 B 17 neutras 0 | conquistas ate agora 42 | 5694s

===== RESUMO 7.8.4 =====
seed 5 | 30 turnos | 5694s
CONQUISTAS: total 42 (A 18 | B 24)
TAMANHO MEDIO DE ENVIO: A 5.79 (72 env) | B 6.69 (89 env)
ultima conquista: T30
log: pesquisa/2026-09-28/ab2/AB2_super_P4xV_seed5.txt
replay: pesquisa/2026-09-28/ab2/AB2_super_P4xV_seed5.replay.json (31 frames)
