  T1 | A 1 B 1 neutras 22 | conquistas ate agora 0 | 85s
  T2 | A 1 B 3 neutras 20 | conquistas ate agora 2 | 151s
  T3 | A 1 B 5 neutras 18 | conquistas ate agora 4 | 250s
  T4 | A 1 B 6 neutras 17 | conquistas ate agora 5 | 362s
  T5 | A 1 B 6 neutras 17 | conquistas ate agora 5 | 439s
  T6 | A 3 B 7 neutras 14 | conquistas ate agora 8 | 544s
  T7 | A 4 B 7 neutras 13 | conquistas ate agora 9 | 622s
  T8 | A 5 B 7 neutras 12 | conquistas ate agora 10 | 715s
  T9 | A 5 B 8 neutras 11 | conquistas ate agora 11 | 893s
  T10 | A 5 B 9 neutras 10 | conquistas ate agora 12 | 1011s
  T11 | A 5 B 9 neutras 10 | conquistas ate agora 12 | 1122s
  T12 | A 7 B 11 neutras 6 | conquistas ate agora 16 | 1344s
  T13 | A 7 B 11 neutras 6 | conquistas ate agora 16 | 1399s
  T14 | A 8 B 11 neutras 5 | conquistas ate agora 17 | 1577s
  T15 | A 8 B 11 neutras 5 | conquistas ate agora 17 | 1840s
  T16 | A 8 B 12 neutras 4 | conquistas ate agora 18 | 2220s
  T17 | A 9 B 12 neutras 3 | conquistas ate agora 20 | 2368s
  T18 | A 10 B 12 neutras 2 | conquistas ate agora 21 | 2475s
  T19 | A 11 B 13 neutras 0 | conquistas ate agora 25 | 3726s
  T20 | A 9 B 15 neutras 0 | conquistas ate agora 27 | 3853s
  T21 | A 9 B 15 neutras 0 | conquistas ate agora 27 | 4109s
  T22 | A 9 B 15 neutras 0 | conquistas ate agora 27 | 4228s
  T23 | A 10 B 14 neutras 0 | conquistas ate agora 28 | 4347s
  T24 | A 10 B 14 neutras 0 | conquistas ate agora 28 | 4696s
  T25 | A 9 B 15 neutras 0 | conquistas ate agora 29 | 4895s
  T26 | A 8 B 16 neutras 0 | conquistas ate agora 30 | 4990s
  T27 | A 8 B 16 neutras 0 | conquistas ate agora 30 | 5072s
  T28 | A 8 B 16 neutras 0 | conquistas ate agora 30 | 5286s
  T29 | A 9 B 15 neutras 0 | conquistas ate agora 31 | 5425s
  T30 | A 6 B 18 neutras 0 | conquistas ate agora 34 | 5544s

===== RESUMO 7.8.4 =====
seed 5 | 30 turnos | 5544s
CONQUISTAS: total 34 (A 13 | B 21)
TAMANHO MEDIO DE ENVIO: A 6.94 (35 env) | B 5.13 (72 env)
ultima conquista: T30
log: pesquisa/2026-09-28/ab2/AB2_super_VxP4_seed5.txt
replay: pesquisa/2026-09-28/ab2/AB2_super_VxP4_seed5.replay.json (31 frames)
