  T1 | A 1 B 1 neutras 22 | conquistas ate agora 0 | 103s
  T2 | A 3 B 1 neutras 20 | conquistas ate agora 2 | 209s
  T3 | A 6 B 3 neutras 15 | conquistas ate agora 7 | 596s
  T4 | A 6 B 5 neutras 13 | conquistas ate agora 9 | 876s
  T5 | A 8 B 7 neutras 9 | conquistas ate agora 13 | 1190s
  T6 | A 9 B 7 neutras 8 | conquistas ate agora 14 | 1496s
  T7 | A 9 B 9 neutras 6 | conquistas ate agora 16 | 1872s
  T8 | A 10 B 11 neutras 3 | conquistas ate agora 20 | 2403s
  T9 | A 12 B 9 neutras 3 | conquistas ate agora 22 | 3041s
  T10 | A 13 B 10 neutras 1 | conquistas ate agora 25 | 3201s
  T11 | A 13 B 11 neutras 0 | conquistas ate agora 26 | 3864s
  T12 | A 14 B 10 neutras 0 | conquistas ate agora 29 | 4441s
  T13 | A 15 B 9 neutras 0 | conquistas ate agora 30 | 4675s
  T14 | A 14 B 10 neutras 0 | conquistas ate agora 31 | 4871s
  T15 | A 14 B 10 neutras 0 | conquistas ate agora 31 | 5072s
  T16 | A 12 B 12 neutras 0 | conquistas ate agora 33 | 5428s
  T17 | A 13 B 11 neutras 0 | conquistas ate agora 34 | 6036s
  T18 | A 13 B 11 neutras 0 | conquistas ate agora 36 | 6562s
  T19 | A 15 B 9 neutras 0 | conquistas ate agora 38 | 6989s
  T20 | A 15 B 9 neutras 0 | conquistas ate agora 40 | 7417s
  T21 | A 15 B 9 neutras 0 | conquistas ate agora 42 | 7865s
  T22 | A 16 B 8 neutras 0 | conquistas ate agora 43 | 8140s
  T23 | A 16 B 8 neutras 0 | conquistas ate agora 43 | 8276s
  T24 | A 18 B 6 neutras 0 | conquistas ate agora 47 | 8623s
  T25 | A 17 B 7 neutras 0 | conquistas ate agora 48 | 8783s
  T26 | A 18 B 6 neutras 0 | conquistas ate agora 49 | 8945s
  T27 | A 17 B 7 neutras 0 | conquistas ate agora 50 | 9075s
  T28 | A 16 B 8 neutras 0 | conquistas ate agora 51 | 9319s
  T29 | A 13 B 11 neutras 0 | conquistas ate agora 54 | 9742s
  T30 | A 14 B 10 neutras 0 | conquistas ate agora 55 | 9885s

===== RESUMO 7.8.4 =====
seed 3 | 30 turnos | 9885s
CONQUISTAS: total 55 (A 28 | B 27)
TAMANHO MEDIO DE ENVIO: A 4.99 (143 env) | B 5.30 (110 env)
ultima conquista: T30
log: pesquisa/2026-09-28/ab2/AB2_dots_VxP4_seed3.txt
replay: pesquisa/2026-09-28/ab2/AB2_dots_VxP4_seed3.replay.json (31 frames)
