  T1 | A 1 B 1 neutras 22 | conquistas ate agora 0 | 154s
  T2 | A 3 B 1 neutras 20 | conquistas ate agora 2 | 182s
  T3 | A 3 B 1 neutras 20 | conquistas ate agora 2 | 370s
  T4 | A 3 B 1 neutras 20 | conquistas ate agora 2 | 443s
  T5 | A 5 B 3 neutras 16 | conquistas ate agora 6 | 741s
  T6 | A 7 B 4 neutras 13 | conquistas ate agora 9 | 1042s
  T7 | A 7 B 4 neutras 13 | conquistas ate agora 9 | 1299s
  T8 | A 8 B 6 neutras 10 | conquistas ate agora 12 | 1441s
  T9 | A 11 B 7 neutras 6 | conquistas ate agora 16 | 1762s
  T10 | A 11 B 8 neutras 5 | conquistas ate agora 17 | 2037s
  T11 | A 11 B 8 neutras 5 | conquistas ate agora 17 | 2354s
  T12 | A 11 B 8 neutras 5 | conquistas ate agora 17 | 2672s
  T13 | A 11 B 9 neutras 4 | conquistas ate agora 18 | 2878s
  T14 | A 11 B 11 neutras 2 | conquistas ate agora 20 | 3248s
  T15 | A 13 B 10 neutras 1 | conquistas ate agora 22 | 3452s
  T16 | A 14 B 10 neutras 0 | conquistas ate agora 24 | 3603s
  T17 | A 14 B 10 neutras 0 | conquistas ate agora 24 | 3768s
  T18 | A 16 B 8 neutras 0 | conquistas ate agora 26 | 3991s
  T19 | A 16 B 8 neutras 0 | conquistas ate agora 26 | 4142s
  T20 | A 15 B 9 neutras 0 | conquistas ate agora 27 | 4328s
  T21 | A 16 B 8 neutras 0 | conquistas ate agora 28 | 4507s
  T22 | A 17 B 7 neutras 0 | conquistas ate agora 29 | 5031s
  T23 | A 16 B 8 neutras 0 | conquistas ate agora 32 | 5237s
  T24 | A 15 B 9 neutras 0 | conquistas ate agora 33 | 5439s
  T25 | A 16 B 8 neutras 0 | conquistas ate agora 34 | 5632s
  T26 | A 18 B 6 neutras 0 | conquistas ate agora 36 | 5949s
  T27 | A 18 B 6 neutras 0 | conquistas ate agora 36 | 6162s

===== RESUMO 7.8.4 =====
seed 5 | 27 turnos | 6162s
CONQUISTAS: total 36 (A 21 | B 15)
TAMANHO MEDIO DE ENVIO: A 6.61 (84 env) | B 4.64 (74 env)
ultima conquista: T26
log: pesquisa/2026-09-28/ab2/AB2_dots_P4xV_seed5.txt
replay: pesquisa/2026-09-28/ab2/AB2_dots_P4xV_seed5.replay.json (28 frames)
