  T1 | A 1 B 1 neutras 22 | conquistas ate agora 0 | 40s
  T2 | A 1 B 2 neutras 21 | conquistas ate agora 1 | 119s
  T3 | A 3 B 3 neutras 18 | conquistas ate agora 4 | 222s
  T4 | A 6 B 4 neutras 14 | conquistas ate agora 8 | 385s
  T5 | A 6 B 5 neutras 13 | conquistas ate agora 9 | 709s
  T6 | A 7 B 7 neutras 10 | conquistas ate agora 12 | 1007s
  T7 | A 7 B 8 neutras 9 | conquistas ate agora 13 | 1443s
  T8 | A 8 B 9 neutras 7 | conquistas ate agora 15 | 1934s
  T9 | A 11 B 9 neutras 4 | conquistas ate agora 18 | 2155s
  T10 | A 10 B 10 neutras 4 | conquistas ate agora 19 | 2351s
  T11 | A 11 B 10 neutras 3 | conquistas ate agora 21 | 2781s
  T12 | A 12 B 10 neutras 2 | conquistas ate agora 25 | 3101s
  T13 | A 14 B 10 neutras 0 | conquistas ate agora 27 | 3439s
  T14 | A 13 B 11 neutras 0 | conquistas ate agora 28 | 3600s
  T15 | A 14 B 10 neutras 0 | conquistas ate agora 31 | 3718s
  T16 | A 13 B 11 neutras 0 | conquistas ate agora 32 | 3847s
  T17 | A 11 B 13 neutras 0 | conquistas ate agora 34 | 4060s
  T18 | A 11 B 13 neutras 0 | conquistas ate agora 36 | 5132s
  T19 | A 11 B 13 neutras 0 | conquistas ate agora 36 | 5473s
  T20 | A 12 B 12 neutras 0 | conquistas ate agora 37 | 5842s
  T21 | A 13 B 11 neutras 0 | conquistas ate agora 38 | 6037s
  T22 | A 15 B 9 neutras 0 | conquistas ate agora 40 | 6280s
  T23 | A 16 B 8 neutras 0 | conquistas ate agora 45 | 6836s
  T24 | A 17 B 7 neutras 0 | conquistas ate agora 48 | 7040s
  T25 | A 16 B 8 neutras 0 | conquistas ate agora 49 | 7224s
  T26 | A 18 B 6 neutras 0 | conquistas ate agora 51 | 7370s
  T27 | A 17 B 7 neutras 0 | conquistas ate agora 54 | 7574s
  T28 | A 17 B 7 neutras 0 | conquistas ate agora 58 | 8059s
  T29 | A 18 B 6 neutras 0 | conquistas ate agora 59 | 8500s
  T30 | A 17 B 7 neutras 0 | conquistas ate agora 60 | 8877s

===== RESUMO 7.8.4 =====
seed 5 | 30 turnos | 8877s
CONQUISTAS: total 60 (A 33 | B 27)
TAMANHO MEDIO DE ENVIO: A 5.29 (131 env) | B 5.57 (111 env)
ultima conquista: T30
log: pesquisa/2026-09-27/ab/AB_dots_VxP4_seed5.txt
replay: pesquisa/2026-09-27/ab/AB_dots_VxP4_seed5.replay.json (31 frames)
