  T1 | A 1 B 1 neutras 22 | conquistas ate agora 0 | 147s
  T2 | A 3 B 3 neutras 18 | conquistas ate agora 4 | 342s
  T3 | A 5 B 5 neutras 14 | conquistas ate agora 8 | 512s
  T4 | A 6 B 5 neutras 13 | conquistas ate agora 9 | 745s
  T5 | A 7 B 7 neutras 10 | conquistas ate agora 12 | 1439s
  T6 | A 7 B 7 neutras 10 | conquistas ate agora 12 | 1805s
  T7 | A 9 B 8 neutras 7 | conquistas ate agora 15 | 2098s
  T8 | A 10 B 11 neutras 3 | conquistas ate agora 19 | 2488s
  T9 | A 11 B 11 neutras 2 | conquistas ate agora 20 | 2755s
  T10 | A 10 B 12 neutras 2 | conquistas ate agora 21 | 3173s
  T11 | A 9 B 13 neutras 2 | conquistas ate agora 22 | 3780s
  T12 | A 9 B 13 neutras 2 | conquistas ate agora 22 | 4041s
  T13 | A 10 B 14 neutras 0 | conquistas ate agora 24 | 4470s
  T14 | A 11 B 13 neutras 0 | conquistas ate agora 25 | 4700s
  T15 | A 11 B 13 neutras 0 | conquistas ate agora 29 | 5077s
  T16 | A 8 B 16 neutras 0 | conquistas ate agora 32 | 5317s
  T17 | A 7 B 17 neutras 0 | conquistas ate agora 35 | 5460s
  T18 | A 7 B 17 neutras 0 | conquistas ate agora 39 | 5636s
  T19 | A 7 B 17 neutras 0 | conquistas ate agora 39 | 6031s
  T20 | A 7 B 17 neutras 0 | conquistas ate agora 41 | 6429s
  T21 | A 9 B 15 neutras 0 | conquistas ate agora 43 | 6608s
  T22 | A 9 B 15 neutras 0 | conquistas ate agora 43 | 6966s
  T23 | A 10 B 14 neutras 0 | conquistas ate agora 44 | 7406s
  T24 | A 8 B 16 neutras 0 | conquistas ate agora 46 | 7574s
  T25 | A 7 B 17 neutras 0 | conquistas ate agora 47 | 7789s
  T26 | A 4 B 20 neutras 0 | conquistas ate agora 50 | 8321s
  T27 | A 3 B 21 neutras 0 | conquistas ate agora 51 | 8594s

===== RESUMO 7.8.4 =====
seed 5 | 27 turnos | 8594s
CONQUISTAS: total 51 (A 21 | B 30)
TAMANHO MEDIO DE ENVIO: A 4.48 (104 env) | B 6.45 (154 env)
ultima conquista: T27
log: pesquisa/2026-09-27/ab/AB_dots_P4xV_seed5.txt
replay: pesquisa/2026-09-27/ab/AB_dots_P4xV_seed5.replay.json (28 frames)
