  T1 | A 1 B 1 neutras 22 | conquistas ate agora 0 | 70s
  T2 | A 2 B 3 neutras 19 | conquistas ate agora 3 | 225s
  T3 | A 3 B 5 neutras 16 | conquistas ate agora 6 | 822s
  T4 | A 5 B 6 neutras 13 | conquistas ate agora 9 | 1344s
  T5 | A 6 B 6 neutras 12 | conquistas ate agora 10 | 1485s
  T6 | A 6 B 9 neutras 9 | conquistas ate agora 13 | 1762s
  T7 | A 7 B 10 neutras 7 | conquistas ate agora 16 | 2052s
  T8 | A 7 B 11 neutras 6 | conquistas ate agora 19 | 2377s
  T9 | A 7 B 11 neutras 6 | conquistas ate agora 19 | 2678s
  T10 | A 8 B 11 neutras 5 | conquistas ate agora 20 | 3207s
  T11 | A 9 B 13 neutras 2 | conquistas ate agora 24 | 3699s
  T12 | A 7 B 15 neutras 2 | conquistas ate agora 28 | 3863s
  T13 | A 8 B 15 neutras 1 | conquistas ate agora 31 | 4266s
  T14 | A 8 B 15 neutras 1 | conquistas ate agora 33 | 4519s
  T15 | A 9 B 14 neutras 1 | conquistas ate agora 34 | 4653s
  T16 | A 10 B 13 neutras 1 | conquistas ate agora 35 | 4855s
  T17 | A 12 B 11 neutras 1 | conquistas ate agora 37 | 5011s
  T18 | A 12 B 11 neutras 1 | conquistas ate agora 37 | 5290s
  T19 | A 10 B 13 neutras 1 | conquistas ate agora 39 | 5616s
  T20 | A 9 B 14 neutras 1 | conquistas ate agora 40 | 5769s
  T21 | A 7 B 16 neutras 1 | conquistas ate agora 46 | 6039s
  T22 | A 8 B 16 neutras 0 | conquistas ate agora 47 | 6528s
  T23 | A 7 B 17 neutras 0 | conquistas ate agora 48 | 6850s
  T24 | A 6 B 18 neutras 0 | conquistas ate agora 49 | 7291s
  T25 | A 6 B 18 neutras 0 | conquistas ate agora 49 | 7491s

===== RESUMO 7.8.4 =====
seed 3 | 25 turnos | 7491s
CONQUISTAS: total 49 (A 22 | B 27)
TAMANHO MEDIO DE ENVIO: A 3.93 (94 env) | B 5.00 (125 env)
ultima conquista: T24
log: pesquisa/2026-09-27/ab/AB_dots_VxP4_seed3.txt
replay: pesquisa/2026-09-27/ab/AB_dots_VxP4_seed3.replay.json (26 frames)
