  T1 | A 1 B 1 neutras 22 | conquistas ate agora 0 | 256s
  T2 | A 3 B 3 neutras 18 | conquistas ate agora 4 | 340s
  T3 | A 6 B 5 neutras 13 | conquistas ate agora 9 | 548s
  T4 | A 7 B 7 neutras 10 | conquistas ate agora 12 | 721s
  T5 | A 7 B 7 neutras 10 | conquistas ate agora 12 | 935s
  T6 | A 8 B 9 neutras 7 | conquistas ate agora 15 | 1346s
  T7 | A 9 B 9 neutras 6 | conquistas ate agora 16 | 1657s
  T8 | A 10 B 10 neutras 4 | conquistas ate agora 18 | 1986s
  T9 | A 11 B 12 neutras 1 | conquistas ate agora 21 | 2155s
  T10 | A 11 B 12 neutras 1 | conquistas ate agora 21 | 2333s
  T11 | A 11 B 13 neutras 0 | conquistas ate agora 24 | 2472s
  T12 | A 12 B 12 neutras 0 | conquistas ate agora 25 | 3033s
  T13 | A 13 B 11 neutras 0 | conquistas ate agora 26 | 3196s
  T14 | A 14 B 10 neutras 0 | conquistas ate agora 29 | 3535s
  T15 | A 13 B 11 neutras 0 | conquistas ate agora 32 | 3673s
  T16 | A 11 B 13 neutras 0 | conquistas ate agora 34 | 3840s
  T17 | A 12 B 12 neutras 0 | conquistas ate agora 37 | 4485s
  T18 | A 14 B 10 neutras 0 | conquistas ate agora 41 | 4897s
  T19 | A 16 B 8 neutras 0 | conquistas ate agora 43 | 5415s
  T20 | A 15 B 9 neutras 0 | conquistas ate agora 44 | 5792s
  T21 | A 17 B 7 neutras 0 | conquistas ate agora 46 | 6168s
  T22 | A 14 B 10 neutras 0 | conquistas ate agora 51 | 6388s
  T23 | A 12 B 12 neutras 0 | conquistas ate agora 53 | 6583s
  T24 | A 10 B 14 neutras 0 | conquistas ate agora 55 | 6910s
  T25 | A 10 B 14 neutras 0 | conquistas ate agora 57 | 7131s
  T26 | A 13 B 11 neutras 0 | conquistas ate agora 62 | 7275s
  T27 | A 13 B 11 neutras 0 | conquistas ate agora 66 | 7821s
  T28 | A 12 B 12 neutras 0 | conquistas ate agora 67 | 8273s
  T29 | A 14 B 10 neutras 0 | conquistas ate agora 69 | 8714s
  T30 | A 13 B 11 neutras 0 | conquistas ate agora 70 | 9091s

===== RESUMO 7.8.4 =====
seed 3 | 30 turnos | 9091s
CONQUISTAS: total 70 (A 35 | B 35)
TAMANHO MEDIO DE ENVIO: A 5.00 (150 env) | B 4.05 (160 env)
ultima conquista: T30
log: pesquisa/2026-09-27/ab/AB_dots_P4xV_seed3.txt
replay: pesquisa/2026-09-27/ab/AB_dots_P4xV_seed3.replay.json (31 frames)
