  T1 | A 1 B 1 neutras 22 | conquistas ate agora 0 | 47s
  T2 | A 1 B 3 neutras 20 | conquistas ate agora 2 | 94s
  T3 | A 3 B 3 neutras 18 | conquistas ate agora 4 | 161s
  T4 | A 4 B 4 neutras 16 | conquistas ate agora 6 | 524s
  T5 | A 6 B 6 neutras 12 | conquistas ate agora 10 | 624s
  T6 | A 6 B 6 neutras 12 | conquistas ate agora 10 | 625s
  T7 | A 6 B 6 neutras 12 | conquistas ate agora 10 | 735s
  T8 | A 7 B 7 neutras 10 | conquistas ate agora 12 | 949s
  T9 | A 7 B 7 neutras 10 | conquistas ate agora 12 | 1013s
  T10 | A 9 B 7 neutras 8 | conquistas ate agora 14 | 1252s
  T11 | A 11 B 8 neutras 5 | conquistas ate agora 17 | 1466s
  T12 | A 14 B 7 neutras 3 | conquistas ate agora 20 | 1602s
  T13 | A 13 B 9 neutras 2 | conquistas ate agora 22 | 1963s
  T14 | A 14 B 10 neutras 0 | conquistas ate agora 24 | 2333s
  T15 | A 13 B 11 neutras 0 | conquistas ate agora 25 | 2594s
  T16 | A 13 B 11 neutras 0 | conquistas ate agora 25 | 2900s
  T17 | A 13 B 11 neutras 0 | conquistas ate agora 25 | 3053s
  T18 | A 13 B 11 neutras 0 | conquistas ate agora 25 | 3599s
  T19 | A 12 B 12 neutras 0 | conquistas ate agora 26 | 3787s
  T20 | A 12 B 12 neutras 0 | conquistas ate agora 26 | 3834s
  T21 | A 10 B 14 neutras 0 | conquistas ate agora 28 | 4365s
  T22 | A 11 B 13 neutras 0 | conquistas ate agora 33 | 5015s
  T23 | A 11 B 13 neutras 0 | conquistas ate agora 35 | 5144s
  T24 | A 11 B 13 neutras 0 | conquistas ate agora 37 | 5236s
  T25 | A 11 B 13 neutras 0 | conquistas ate agora 37 | 5456s
  T26 | A 10 B 14 neutras 0 | conquistas ate agora 38 | 5591s
  T27 | A 8 B 16 neutras 0 | conquistas ate agora 40 | 5834s
  T28 | A 9 B 15 neutras 0 | conquistas ate agora 41 | 5981s
  T29 | A 8 B 16 neutras 0 | conquistas ate agora 42 | 6722s
  T30 | A 7 B 17 neutras 0 | conquistas ate agora 43 | 7297s

===== RESUMO 7.8.4 =====
seed 5 | 30 turnos | 7297s
CONQUISTAS: total 43 (A 20 | B 23)
TAMANHO MEDIO DE ENVIO: A 4.56 (110 env) | B 6.74 (90 env)
ultima conquista: T30
log: pesquisa/2026-09-27/ab/AB_super_P4xV_seed5.txt
replay: pesquisa/2026-09-27/ab/AB_super_P4xV_seed5.replay.json (31 frames)
